S2_STORAGE_POLICY_PASS mode=public_emergency root=/public/home/zqchen/projects/ECNU_EYU_data/work_space/S2/data/ecnu_completion_emergency
S2_PUBLIC_EMERGENCY free_kib=27961994248 minimum_gib=1024
No broken requirements found.
S2_RUNTIME_DEPENDENCY_PASS
gpu: NVIDIA A100-PCIE-40GB 39.4 GiB
S2_ABLATION_START candidate=focal trainer=nnUNetTrainerBraTS2026RCFocalCompletionFineTune
Custom trainer component ready: /public/home/zqchen/.conda/envs/segmamba/lib/python3.11/site-packages/nnunetv2/training/nnUNetTrainer/nnUNetTrainerBraTS2026RC.py
Custom trainer component ready: /public/home/zqchen/.conda/envs/segmamba/lib/python3.11/site-packages/nnunetv2/training/nnUNetTrainer/nnUNetTrainerBraTS2026RCCompletionFineTune.py
Custom trainer component ready: /public/home/zqchen/.conda/envs/segmamba/lib/python3.11/site-packages/nnunetv2/training/nnUNetTrainer/nnUNetTrainerBraTS2026RCOnlineDiffusion.py
Custom trainer component ready: /public/home/zqchen/.conda/envs/segmamba/lib/python3.11/site-packages/nnunetv2/training/nnUNetTrainer/small_lesion_variants.py
Custom trainer component ready: /public/home/zqchen/.conda/envs/segmamba/lib/python3.11/site-packages/nnunetv2/training/nnUNetTrainer/small_lesion_trainer_mixins.py
Custom trainer component ready: /public/home/zqchen/.conda/envs/segmamba/lib/python3.11/site-packages/nnunetv2/training/nnUNetTrainer/nnUNetTrainerBraTS2026RCA1CompletionFineTune.py
Custom trainer component ready: /public/home/zqchen/.conda/envs/segmamba/lib/python3.11/site-packages/nnunetv2/training/nnUNetTrainer/nnUNetTrainerBraTS2026RCFocalCompletionFineTune.py
Custom trainer component ready: /public/home/zqchen/.conda/envs/segmamba/lib/python3.11/site-packages/nnunetv2/training/nnUNetTrainer/nnUNetTrainerBraTS2026RCA1FocalCompletionFineTune.py
Custom trainer component ready: /public/home/zqchen/.conda/envs/segmamba/lib/python3.11/site-packages/nnunetv2/training/nnUNetTrainer/online_diffusion_transform.py
Custom trainer component ready: /public/home/zqchen/.conda/envs/segmamba/lib/python3.11/site-packages/nnunetv2/training/nnUNetTrainer/online_diffusion_contract.py
{
  "status": "pass",
  "train_count": 1035,
  "validation_count": 103,
  "dataset_count": 1138,
  "preprocessed_count": 1138,
  "cache_format": "b2nd",
  "id_sets_equal": true
}
Starting BraTS2026 RC training...
Mode       : completion_warmstart
Split      : fixed train/validation (nnU-Net internal key: fold_0)
Train split: /public/home/zqchen/projects/ECNU_EYU_data/work_space/S2/BraTS2026_S2_RC_v1.0/repository/data/splits/completion_warmstart/train_fixed.txt (1035)
Val split  : /public/home/zqchen/projects/ECNU_EYU_data/work_space/S2/BraTS2026_S2_RC_v1.0/repository/data/splits/completion_warmstart/val_fixed.txt (103)
Results    : /public/home/zqchen/projects/ECNU_EYU_data/work_space/S2/data/ecnu_completion_emergency/nnUNet_results/Dataset264_BraTS2026_MET_Completion/nnUNetTrainerBraTS2026RCFocalCompletionFineTune__nnUNetPlans__3d_fullres/fold_0
No resumable checkpoint found; starting fixed-split training from scratch.
Warm-starting completion_warmstart from: /public/home/zqchen/projects/ECNU_EYU_data/work_space/S2/results/checkpoint_final.pth
Command: nnUNetv2_train 264 3d_fullres 0 -tr nnUNetTrainerBraTS2026RCFocalCompletionFineTune -num_gpus 1 -pretrained_weights /public/home/zqchen/projects/ECNU_EYU_data/work_space/S2/results/checkpoint_final.pth

############################
INFO: You are using the old nnU-Net default plans. We have updated our recommendations. Please consider using those instead! Read more here: https://github.com/MIC-DKFZ/nnUNet/blob/master/documentation/resenc_presets.md
############################

Using device: cuda:0

#######################################################################
Please cite the following paper when using nnU-Net:
Isensee, F., Jaeger, P. F., Kohl, S. A., Petersen, J., & Maier-Hein, K. H. (2021). nnU-Net: a self-configuring method for deep learning-based biomedical image segmentation. Nature methods, 18(2), 203-211.
#######################################################################

################### Loading pretrained weights from file  /public/home/zqchen/projects/ECNU_EYU_data/work_space/S2/results/checkpoint_final.pth ###################
Below is the list of overlapping blocks in pretrained model and nnUNet architecture:
encoder.stages.0.0.convs.0.conv.weight shape torch.Size([32, 4, 3, 3, 3])
encoder.stages.0.0.convs.0.conv.bias shape torch.Size([32])
encoder.stages.0.0.convs.0.norm.weight shape torch.Size([32])
encoder.stages.0.0.convs.0.norm.bias shape torch.Size([32])
encoder.stages.0.0.convs.0.all_modules.0.weight shape torch.Size([32, 4, 3, 3, 3])
encoder.stages.0.0.convs.0.all_modules.0.bias shape torch.Size([32])
encoder.stages.0.0.convs.0.all_modules.1.weight shape torch.Size([32])
encoder.stages.0.0.convs.0.all_modules.1.bias shape torch.Size([32])
encoder.stages.0.0.convs.1.conv.weight shape torch.Size([32, 32, 3, 3, 3])
encoder.stages.0.0.convs.1.conv.bias shape torch.Size([32])
encoder.stages.0.0.convs.1.norm.weight shape torch.Size([32])
encoder.stages.0.0.convs.1.norm.bias shape torch.Size([32])
encoder.stages.0.0.convs.1.all_modules.0.weight shape torch.Size([32, 32, 3, 3, 3])
encoder.stages.0.0.convs.1.all_modules.0.bias shape torch.Size([32])
encoder.stages.0.0.convs.1.all_modules.1.weight shape torch.Size([32])
encoder.stages.0.0.convs.1.all_modules.1.bias shape torch.Size([32])
encoder.stages.1.0.convs.0.conv.weight shape torch.Size([64, 32, 3, 3, 3])
encoder.stages.1.0.convs.0.conv.bias shape torch.Size([64])
encoder.stages.1.0.convs.0.norm.weight shape torch.Size([64])
encoder.stages.1.0.convs.0.norm.bias shape torch.Size([64])
encoder.stages.1.0.convs.0.all_modules.0.weight shape torch.Size([64, 32, 3, 3, 3])
encoder.stages.1.0.convs.0.all_modules.0.bias shape torch.Size([64])
encoder.stages.1.0.convs.0.all_modules.1.weight shape torch.Size([64])
encoder.stages.1.0.convs.0.all_modules.1.bias shape torch.Size([64])
encoder.stages.1.0.convs.1.conv.weight shape torch.Size([64, 64, 3, 3, 3])
encoder.stages.1.0.convs.1.conv.bias shape torch.Size([64])
encoder.stages.1.0.convs.1.norm.weight shape torch.Size([64])
encoder.stages.1.0.convs.1.norm.bias shape torch.Size([64])
encoder.stages.1.0.convs.1.all_modules.0.weight shape torch.Size([64, 64, 3, 3, 3])
encoder.stages.1.0.convs.1.all_modules.0.bias shape torch.Size([64])
encoder.stages.1.0.convs.1.all_modules.1.weight shape torch.Size([64])
encoder.stages.1.0.convs.1.all_modules.1.bias shape torch.Size([64])
encoder.stages.2.0.convs.0.conv.weight shape torch.Size([128, 64, 3, 3, 3])
encoder.stages.2.0.convs.0.conv.bias shape torch.Size([128])
encoder.stages.2.0.convs.0.norm.weight shape torch.Size([128])
encoder.stages.2.0.convs.0.norm.bias shape torch.Size([128])
encoder.stages.2.0.convs.0.all_modules.0.weight shape torch.Size([128, 64, 3, 3, 3])
encoder.stages.2.0.convs.0.all_modules.0.bias shape torch.Size([128])
encoder.stages.2.0.convs.0.all_modules.1.weight shape torch.Size([128])
encoder.stages.2.0.convs.0.all_modules.1.bias shape torch.Size([128])
encoder.stages.2.0.convs.1.conv.weight shape torch.Size([128, 128, 3, 3, 3])
encoder.stages.2.0.convs.1.conv.bias shape torch.Size([128])
encoder.stages.2.0.convs.1.norm.weight shape torch.Size([128])
encoder.stages.2.0.convs.1.norm.bias shape torch.Size([128])
encoder.stages.2.0.convs.1.all_modules.0.weight shape torch.Size([128, 128, 3, 3, 3])
encoder.stages.2.0.convs.1.all_modules.0.bias shape torch.Size([128])
encoder.stages.2.0.convs.1.all_modules.1.weight shape torch.Size([128])
encoder.stages.2.0.convs.1.all_modules.1.bias shape torch.Size([128])
encoder.stages.3.0.convs.0.conv.weight shape torch.Size([256, 128, 3, 3, 3])
encoder.stages.3.0.convs.0.conv.bias shape torch.Size([256])
encoder.stages.3.0.convs.0.norm.weight shape torch.Size([256])
encoder.stages.3.0.convs.0.norm.bias shape torch.Size([256])
encoder.stages.3.0.convs.0.all_modules.0.weight shape torch.Size([256, 128, 3, 3, 3])
encoder.stages.3.0.convs.0.all_modules.0.bias shape torch.Size([256])
encoder.stages.3.0.convs.0.all_modules.1.weight shape torch.Size([256])
encoder.stages.3.0.convs.0.all_modules.1.bias shape torch.Size([256])
encoder.stages.3.0.convs.1.conv.weight shape torch.Size([256, 256, 3, 3, 3])
encoder.stages.3.0.convs.1.conv.bias shape torch.Size([256])
encoder.stages.3.0.convs.1.norm.weight shape torch.Size([256])
encoder.stages.3.0.convs.1.norm.bias shape torch.Size([256])
encoder.stages.3.0.convs.1.all_modules.0.weight shape torch.Size([256, 256, 3, 3, 3])
encoder.stages.3.0.convs.1.all_modules.0.bias shape torch.Size([256])
encoder.stages.3.0.convs.1.all_modules.1.weight shape torch.Size([256])
encoder.stages.3.0.convs.1.all_modules.1.bias shape torch.Size([256])
encoder.stages.4.0.convs.0.conv.weight shape torch.Size([320, 256, 3, 3, 3])
encoder.stages.4.0.convs.0.conv.bias shape torch.Size([320])
encoder.stages.4.0.convs.0.norm.weight shape torch.Size([320])
encoder.stages.4.0.convs.0.norm.bias shape torch.Size([320])
encoder.stages.4.0.convs.0.all_modules.0.weight shape torch.Size([320, 256, 3, 3, 3])
encoder.stages.4.0.convs.0.all_modules.0.bias shape torch.Size([320])
encoder.stages.4.0.convs.0.all_modules.1.weight shape torch.Size([320])
encoder.stages.4.0.convs.0.all_modules.1.bias shape torch.Size([320])
encoder.stages.4.0.convs.1.conv.weight shape torch.Size([320, 320, 3, 3, 3])
encoder.stages.4.0.convs.1.conv.bias shape torch.Size([320])
encoder.stages.4.0.convs.1.norm.weight shape torch.Size([320])
encoder.stages.4.0.convs.1.norm.bias shape torch.Size([320])
encoder.stages.4.0.convs.1.all_modules.0.weight shape torch.Size([320, 320, 3, 3, 3])
encoder.stages.4.0.convs.1.all_modules.0.bias shape torch.Size([320])
encoder.stages.4.0.convs.1.all_modules.1.weight shape torch.Size([320])
encoder.stages.4.0.convs.1.all_modules.1.bias shape torch.Size([320])
encoder.stages.5.0.convs.0.conv.weight shape torch.Size([320, 320, 3, 3, 3])
encoder.stages.5.0.convs.0.conv.bias shape torch.Size([320])
encoder.stages.5.0.convs.0.norm.weight shape torch.Size([320])
encoder.stages.5.0.convs.0.norm.bias shape torch.Size([320])
encoder.stages.5.0.convs.0.all_modules.0.weight shape torch.Size([320, 320, 3, 3, 3])
encoder.stages.5.0.convs.0.all_modules.0.bias shape torch.Size([320])
encoder.stages.5.0.convs.0.all_modules.1.weight shape torch.Size([320])
encoder.stages.5.0.convs.0.all_modules.1.bias shape torch.Size([320])
encoder.stages.5.0.convs.1.conv.weight shape torch.Size([320, 320, 3, 3, 3])
encoder.stages.5.0.convs.1.conv.bias shape torch.Size([320])
encoder.stages.5.0.convs.1.norm.weight shape torch.Size([320])
encoder.stages.5.0.convs.1.norm.bias shape torch.Size([320])
encoder.stages.5.0.convs.1.all_modules.0.weight shape torch.Size([320, 320, 3, 3, 3])
encoder.stages.5.0.convs.1.all_modules.0.bias shape torch.Size([320])
encoder.stages.5.0.convs.1.all_modules.1.weight shape torch.Size([320])
encoder.stages.5.0.convs.1.all_modules.1.bias shape torch.Size([320])
decoder.encoder.stages.0.0.convs.0.conv.weight shape torch.Size([32, 4, 3, 3, 3])
decoder.encoder.stages.0.0.convs.0.conv.bias shape torch.Size([32])
decoder.encoder.stages.0.0.convs.0.norm.weight shape torch.Size([32])
decoder.encoder.stages.0.0.convs.0.norm.bias shape torch.Size([32])
decoder.encoder.stages.0.0.convs.0.all_modules.0.weight shape torch.Size([32, 4, 3, 3, 3])
decoder.encoder.stages.0.0.convs.0.all_modules.0.bias shape torch.Size([32])
decoder.encoder.stages.0.0.convs.0.all_modules.1.weight shape torch.Size([32])
decoder.encoder.stages.0.0.convs.0.all_modules.1.bias shape torch.Size([32])
decoder.encoder.stages.0.0.convs.1.conv.weight shape torch.Size([32, 32, 3, 3, 3])
decoder.encoder.stages.0.0.convs.1.conv.bias shape torch.Size([32])
decoder.encoder.stages.0.0.convs.1.norm.weight shape torch.Size([32])
decoder.encoder.stages.0.0.convs.1.norm.bias shape torch.Size([32])
decoder.encoder.stages.0.0.convs.1.all_modules.0.weight shape torch.Size([32, 32, 3, 3, 3])
decoder.encoder.stages.0.0.convs.1.all_modules.0.bias shape torch.Size([32])
decoder.encoder.stages.0.0.convs.1.all_modules.1.weight shape torch.Size([32])
decoder.encoder.stages.0.0.convs.1.all_modules.1.bias shape torch.Size([32])
decoder.encoder.stages.1.0.convs.0.conv.weight shape torch.Size([64, 32, 3, 3, 3])
decoder.encoder.stages.1.0.convs.0.conv.bias shape torch.Size([64])
decoder.encoder.stages.1.0.convs.0.norm.weight shape torch.Size([64])
decoder.encoder.stages.1.0.convs.0.norm.bias shape torch.Size([64])
decoder.encoder.stages.1.0.convs.0.all_modules.0.weight shape torch.Size([64, 32, 3, 3, 3])
decoder.encoder.stages.1.0.convs.0.all_modules.0.bias shape torch.Size([64])
decoder.encoder.stages.1.0.convs.0.all_modules.1.weight shape torch.Size([64])
decoder.encoder.stages.1.0.convs.0.all_modules.1.bias shape torch.Size([64])
decoder.encoder.stages.1.0.convs.1.conv.weight shape torch.Size([64, 64, 3, 3, 3])
decoder.encoder.stages.1.0.convs.1.conv.bias shape torch.Size([64])
decoder.encoder.stages.1.0.convs.1.norm.weight shape torch.Size([64])
decoder.encoder.stages.1.0.convs.1.norm.bias shape torch.Size([64])
decoder.encoder.stages.1.0.convs.1.all_modules.0.weight shape torch.Size([64, 64, 3, 3, 3])
decoder.encoder.stages.1.0.convs.1.all_modules.0.bias shape torch.Size([64])
decoder.encoder.stages.1.0.convs.1.all_modules.1.weight shape torch.Size([64])
decoder.encoder.stages.1.0.convs.1.all_modules.1.bias shape torch.Size([64])
decoder.encoder.stages.2.0.convs.0.conv.weight shape torch.Size([128, 64, 3, 3, 3])
decoder.encoder.stages.2.0.convs.0.conv.bias shape torch.Size([128])
decoder.encoder.stages.2.0.convs.0.norm.weight shape torch.Size([128])
decoder.encoder.stages.2.0.convs.0.norm.bias shape torch.Size([128])
decoder.encoder.stages.2.0.convs.0.all_modules.0.weight shape torch.Size([128, 64, 3, 3, 3])
decoder.encoder.stages.2.0.convs.0.all_modules.0.bias shape torch.Size([128])
decoder.encoder.stages.2.0.convs.0.all_modules.1.weight shape torch.Size([128])
decoder.encoder.stages.2.0.convs.0.all_modules.1.bias shape torch.Size([128])
decoder.encoder.stages.2.0.convs.1.conv.weight shape torch.Size([128, 128, 3, 3, 3])
decoder.encoder.stages.2.0.convs.1.conv.bias shape torch.Size([128])
decoder.encoder.stages.2.0.convs.1.norm.weight shape torch.Size([128])
decoder.encoder.stages.2.0.convs.1.norm.bias shape torch.Size([128])
decoder.encoder.stages.2.0.convs.1.all_modules.0.weight shape torch.Size([128, 128, 3, 3, 3])
decoder.encoder.stages.2.0.convs.1.all_modules.0.bias shape torch.Size([128])
decoder.encoder.stages.2.0.convs.1.all_modules.1.weight shape torch.Size([128])
decoder.encoder.stages.2.0.convs.1.all_modules.1.bias shape torch.Size([128])
decoder.encoder.stages.3.0.convs.0.conv.weight shape torch.Size([256, 128, 3, 3, 3])
decoder.encoder.stages.3.0.convs.0.conv.bias shape torch.Size([256])
decoder.encoder.stages.3.0.convs.0.norm.weight shape torch.Size([256])
decoder.encoder.stages.3.0.convs.0.norm.bias shape torch.Size([256])
decoder.encoder.stages.3.0.convs.0.all_modules.0.weight shape torch.Size([256, 128, 3, 3, 3])
decoder.encoder.stages.3.0.convs.0.all_modules.0.bias shape torch.Size([256])
decoder.encoder.stages.3.0.convs.0.all_modules.1.weight shape torch.Size([256])
decoder.encoder.stages.3.0.convs.0.all_modules.1.bias shape torch.Size([256])
decoder.encoder.stages.3.0.convs.1.conv.weight shape torch.Size([256, 256, 3, 3, 3])
decoder.encoder.stages.3.0.convs.1.conv.bias shape torch.Size([256])
decoder.encoder.stages.3.0.convs.1.norm.weight shape torch.Size([256])
decoder.encoder.stages.3.0.convs.1.norm.bias shape torch.Size([256])
decoder.encoder.stages.3.0.convs.1.all_modules.0.weight shape torch.Size([256, 256, 3, 3, 3])
decoder.encoder.stages.3.0.convs.1.all_modules.0.bias shape torch.Size([256])
decoder.encoder.stages.3.0.convs.1.all_modules.1.weight shape torch.Size([256])
decoder.encoder.stages.3.0.convs.1.all_modules.1.bias shape torch.Size([256])
decoder.encoder.stages.4.0.convs.0.conv.weight shape torch.Size([320, 256, 3, 3, 3])
decoder.encoder.stages.4.0.convs.0.conv.bias shape torch.Size([320])
decoder.encoder.stages.4.0.convs.0.norm.weight shape torch.Size([320])
decoder.encoder.stages.4.0.convs.0.norm.bias shape torch.Size([320])
decoder.encoder.stages.4.0.convs.0.all_modules.0.weight shape torch.Size([320, 256, 3, 3, 3])
decoder.encoder.stages.4.0.convs.0.all_modules.0.bias shape torch.Size([320])
decoder.encoder.stages.4.0.convs.0.all_modules.1.weight shape torch.Size([320])
decoder.encoder.stages.4.0.convs.0.all_modules.1.bias shape torch.Size([320])
decoder.encoder.stages.4.0.convs.1.conv.weight shape torch.Size([320, 320, 3, 3, 3])
decoder.encoder.stages.4.0.convs.1.conv.bias shape torch.Size([320])
decoder.encoder.stages.4.0.convs.1.norm.weight shape torch.Size([320])
decoder.encoder.stages.4.0.convs.1.norm.bias shape torch.Size([320])
decoder.encoder.stages.4.0.convs.1.all_modules.0.weight shape torch.Size([320, 320, 3, 3, 3])
decoder.encoder.stages.4.0.convs.1.all_modules.0.bias shape torch.Size([320])
decoder.encoder.stages.4.0.convs.1.all_modules.1.weight shape torch.Size([320])
decoder.encoder.stages.4.0.convs.1.all_modules.1.bias shape torch.Size([320])
decoder.encoder.stages.5.0.convs.0.conv.weight shape torch.Size([320, 320, 3, 3, 3])
decoder.encoder.stages.5.0.convs.0.conv.bias shape torch.Size([320])
decoder.encoder.stages.5.0.convs.0.norm.weight shape torch.Size([320])
decoder.encoder.stages.5.0.convs.0.norm.bias shape torch.Size([320])
decoder.encoder.stages.5.0.convs.0.all_modules.0.weight shape torch.Size([320, 320, 3, 3, 3])
decoder.encoder.stages.5.0.convs.0.all_modules.0.bias shape torch.Size([320])
decoder.encoder.stages.5.0.convs.0.all_modules.1.weight shape torch.Size([320])
decoder.encoder.stages.5.0.convs.0.all_modules.1.bias shape torch.Size([320])
decoder.encoder.stages.5.0.convs.1.conv.weight shape torch.Size([320, 320, 3, 3, 3])
decoder.encoder.stages.5.0.convs.1.conv.bias shape torch.Size([320])
decoder.encoder.stages.5.0.convs.1.norm.weight shape torch.Size([320])
decoder.encoder.stages.5.0.convs.1.norm.bias shape torch.Size([320])
decoder.encoder.stages.5.0.convs.1.all_modules.0.weight shape torch.Size([320, 320, 3, 3, 3])
decoder.encoder.stages.5.0.convs.1.all_modules.0.bias shape torch.Size([320])
decoder.encoder.stages.5.0.convs.1.all_modules.1.weight shape torch.Size([320])
decoder.encoder.stages.5.0.convs.1.all_modules.1.bias shape torch.Size([320])
decoder.stages.0.convs.0.conv.weight shape torch.Size([320, 640, 3, 3, 3])
decoder.stages.0.convs.0.conv.bias shape torch.Size([320])
decoder.stages.0.convs.0.norm.weight shape torch.Size([320])
decoder.stages.0.convs.0.norm.bias shape torch.Size([320])
decoder.stages.0.convs.0.all_modules.0.weight shape torch.Size([320, 640, 3, 3, 3])
decoder.stages.0.convs.0.all_modules.0.bias shape torch.Size([320])
decoder.stages.0.convs.0.all_modules.1.weight shape torch.Size([320])
decoder.stages.0.convs.0.all_modules.1.bias shape torch.Size([320])
decoder.stages.0.convs.1.conv.weight shape torch.Size([320, 320, 3, 3, 3])
decoder.stages.0.convs.1.conv.bias shape torch.Size([320])
decoder.stages.0.convs.1.norm.weight shape torch.Size([320])
decoder.stages.0.convs.1.norm.bias shape torch.Size([320])
decoder.stages.0.convs.1.all_modules.0.weight shape torch.Size([320, 320, 3, 3, 3])
decoder.stages.0.convs.1.all_modules.0.bias shape torch.Size([320])
decoder.stages.0.convs.1.all_modules.1.weight shape torch.Size([320])
decoder.stages.0.convs.1.all_modules.1.bias shape torch.Size([320])
decoder.stages.1.convs.0.conv.weight shape torch.Size([256, 512, 3, 3, 3])
decoder.stages.1.convs.0.conv.bias shape torch.Size([256])
decoder.stages.1.convs.0.norm.weight shape torch.Size([256])
decoder.stages.1.convs.0.norm.bias shape torch.Size([256])
decoder.stages.1.convs.0.all_modules.0.weight shape torch.Size([256, 512, 3, 3, 3])
decoder.stages.1.convs.0.all_modules.0.bias shape torch.Size([256])
decoder.stages.1.convs.0.all_modules.1.weight shape torch.Size([256])
decoder.stages.1.convs.0.all_modules.1.bias shape torch.Size([256])
decoder.stages.1.convs.1.conv.weight shape torch.Size([256, 256, 3, 3, 3])
decoder.stages.1.convs.1.conv.bias shape torch.Size([256])
decoder.stages.1.convs.1.norm.weight shape torch.Size([256])
decoder.stages.1.convs.1.norm.bias shape torch.Size([256])
decoder.stages.1.convs.1.all_modules.0.weight shape torch.Size([256, 256, 3, 3, 3])
decoder.stages.1.convs.1.all_modules.0.bias shape torch.Size([256])
decoder.stages.1.convs.1.all_modules.1.weight shape torch.Size([256])
decoder.stages.1.convs.1.all_modules.1.bias shape torch.Size([256])
decoder.stages.2.convs.0.conv.weight shape torch.Size([128, 256, 3, 3, 3])
decoder.stages.2.convs.0.conv.bias shape torch.Size([128])
decoder.stages.2.convs.0.norm.weight shape torch.Size([128])
decoder.stages.2.convs.0.norm.bias shape torch.Size([128])
decoder.stages.2.convs.0.all_modules.0.weight shape torch.Size([128, 256, 3, 3, 3])
decoder.stages.2.convs.0.all_modules.0.bias shape torch.Size([128])
decoder.stages.2.convs.0.all_modules.1.weight shape torch.Size([128])
decoder.stages.2.convs.0.all_modules.1.bias shape torch.Size([128])
decoder.stages.2.convs.1.conv.weight shape torch.Size([128, 128, 3, 3, 3])
decoder.stages.2.convs.1.conv.bias shape torch.Size([128])
decoder.stages.2.convs.1.norm.weight shape torch.Size([128])
decoder.stages.2.convs.1.norm.bias shape torch.Size([128])
decoder.stages.2.convs.1.all_modules.0.weight shape torch.Size([128, 128, 3, 3, 3])
decoder.stages.2.convs.1.all_modules.0.bias shape torch.Size([128])
decoder.stages.2.convs.1.all_modules.1.weight shape torch.Size([128])
decoder.stages.2.convs.1.all_modules.1.bias shape torch.Size([128])
decoder.stages.3.convs.0.conv.weight shape torch.Size([64, 128, 3, 3, 3])
decoder.stages.3.convs.0.conv.bias shape torch.Size([64])
decoder.stages.3.convs.0.norm.weight shape torch.Size([64])
decoder.stages.3.convs.0.norm.bias shape torch.Size([64])
decoder.stages.3.convs.0.all_modules.0.weight shape torch.Size([64, 128, 3, 3, 3])
decoder.stages.3.convs.0.all_modules.0.bias shape torch.Size([64])
decoder.stages.3.convs.0.all_modules.1.weight shape torch.Size([64])
decoder.stages.3.convs.0.all_modules.1.bias shape torch.Size([64])
decoder.stages.3.convs.1.conv.weight shape torch.Size([64, 64, 3, 3, 3])
decoder.stages.3.convs.1.conv.bias shape torch.Size([64])
decoder.stages.3.convs.1.norm.weight shape torch.Size([64])
decoder.stages.3.convs.1.norm.bias shape torch.Size([64])
decoder.stages.3.convs.1.all_modules.0.weight shape torch.Size([64, 64, 3, 3, 3])
decoder.stages.3.convs.1.all_modules.0.bias shape torch.Size([64])
decoder.stages.3.convs.1.all_modules.1.weight shape torch.Size([64])
decoder.stages.3.convs.1.all_modules.1.bias shape torch.Size([64])
decoder.stages.4.convs.0.conv.weight shape torch.Size([32, 64, 3, 3, 3])
decoder.stages.4.convs.0.conv.bias shape torch.Size([32])
decoder.stages.4.convs.0.norm.weight shape torch.Size([32])
decoder.stages.4.convs.0.norm.bias shape torch.Size([32])
decoder.stages.4.convs.0.all_modules.0.weight shape torch.Size([32, 64, 3, 3, 3])
decoder.stages.4.convs.0.all_modules.0.bias shape torch.Size([32])
decoder.stages.4.convs.0.all_modules.1.weight shape torch.Size([32])
decoder.stages.4.convs.0.all_modules.1.bias shape torch.Size([32])
decoder.stages.4.convs.1.conv.weight shape torch.Size([32, 32, 3, 3, 3])
decoder.stages.4.convs.1.conv.bias shape torch.Size([32])
decoder.stages.4.convs.1.norm.weight shape torch.Size([32])
decoder.stages.4.convs.1.norm.bias shape torch.Size([32])
decoder.stages.4.convs.1.all_modules.0.weight shape torch.Size([32, 32, 3, 3, 3])
decoder.stages.4.convs.1.all_modules.0.bias shape torch.Size([32])
decoder.stages.4.convs.1.all_modules.1.weight shape torch.Size([32])
decoder.stages.4.convs.1.all_modules.1.bias shape torch.Size([32])
decoder.transpconvs.0.weight shape torch.Size([320, 320, 2, 2, 2])
decoder.transpconvs.0.bias shape torch.Size([320])
decoder.transpconvs.1.weight shape torch.Size([320, 256, 2, 2, 2])
decoder.transpconvs.1.bias shape torch.Size([256])
decoder.transpconvs.2.weight shape torch.Size([256, 128, 2, 2, 2])
decoder.transpconvs.2.bias shape torch.Size([128])
decoder.transpconvs.3.weight shape torch.Size([128, 64, 2, 2, 2])
decoder.transpconvs.3.bias shape torch.Size([64])
decoder.transpconvs.4.weight shape torch.Size([64, 32, 2, 2, 2])
decoder.transpconvs.4.bias shape torch.Size([32])
################### Done ###################
2026-07-22 13:56:14.891905: do_dummy_2d_data_aug: False
2026-07-22 13:56:14.893599: Using BraTS2026 fixed split: 1035 train / 103 val
using pin_memory on device 0
using pin_memory on device 0

This is the configuration used by this training:
Configuration name: 3d_fullres
 {'data_identifier': 'nnUNetPlans_3d_fullres', 'preprocessor_name': 'DefaultPreprocessor', 'batch_size': 2, 'patch_size': [128, 128, 128], 'median_image_size_in_voxels': [142.0, 172.0, 138.0], 'spacing': [1.0, 1.0, 1.0], 'normalization_schemes': ['ZScoreNormalization', 'ZScoreNormalization', 'ZScoreNormalization', 'ZScoreNormalization'], 'use_mask_for_norm': [True, True, True, True], 'resampling_fn_data': 'resample_data_or_seg_to_shape', 'resampling_fn_seg': 'resample_data_or_seg_to_shape', 'resampling_fn_data_kwargs': {'is_seg': False, 'order': 3, 'order_z': 0, 'force_separate_z': None}, 'resampling_fn_seg_kwargs': {'is_seg': True, 'order': 1, 'order_z': 0, 'force_separate_z': None}, 'resampling_fn_probabilities': 'resample_data_or_seg_to_shape', 'resampling_fn_probabilities_kwargs': {'is_seg': False, 'order': 1, 'order_z': 0, 'force_separate_z': None}, 'architecture': {'network_class_name': 'dynamic_network_architectures.architectures.unet.PlainConvUNet', 'arch_kwargs': {'n_stages': 6, 'features_per_stage': [32, 64, 128, 256, 320, 320], 'conv_op': 'torch.nn.modules.conv.Conv3d', 'kernel_sizes': [[3, 3, 3], [3, 3, 3], [3, 3, 3], [3, 3, 3], [3, 3, 3], [3, 3, 3]], 'strides': [[1, 1, 1], [2, 2, 2], [2, 2, 2], [2, 2, 2], [2, 2, 2], [2, 2, 2]], 'n_conv_per_stage': [2, 2, 2, 2, 2, 2], 'n_conv_per_stage_decoder': [2, 2, 2, 2, 2], 'conv_bias': True, 'norm_op': 'torch.nn.modules.instancenorm.InstanceNorm3d', 'norm_op_kwargs': {'eps': 1e-05, 'affine': True}, 'dropout_op': None, 'dropout_op_kwargs': None, 'nonlin': 'torch.nn.LeakyReLU', 'nonlin_kwargs': {'inplace': True}}, '_kw_requires_import': ['conv_op', 'norm_op', 'dropout_op', 'nonlin']}, 'batch_dice': False} 

These are the global plan.json settings:
 {'dataset_name': 'Dataset264_BraTS2026_MET_Completion', 'plans_name': 'nnUNetPlans', 'original_median_spacing_after_transp': [1.0, 1.0, 1.0], 'original_median_shape_after_transp': [146, 180, 144], 'image_reader_writer': 'SimpleITKIO', 'transpose_forward': [0, 1, 2], 'transpose_backward': [0, 1, 2], 'experiment_planner_used': 'ExperimentPlanner', 'label_manager': 'LabelManager', 'foreground_intensity_properties_per_channel': {'0': {'max': 928143.5625, 'mean': 3039.8280702146203, 'median': 560.0, 'min': 0.0, 'percentile_00_5': 0.0, 'percentile_99_5': 279089.125, 'std': 30277.599333243168}, '1': {'max': 3275090.5, 'mean': 8953.127035010677, 'median': 1313.0, 'min': 0.0, 'percentile_00_5': 91.37364540100097, 'percentile_99_5': 519260.375, 'std': 64807.28179898762}, '2': {'max': 61955.71484375, 'mean': 1090.6741356434293, 'median': 806.0, 'min': 0.0, 'percentile_00_5': 0.0, 'percentile_99_5': 4947.0, 'std': 1535.1662643475227}, '3': {'max': 134197.65625, 'mean': 1187.6043663859352, 'median': 693.0, 'min': 0.0, 'percentile_00_5': 0.0, 'percentile_99_5': 7288.0, 'std': 3628.1990882570967}}} 

2026-07-22 13:56:27.403151: Unable to plot network architecture:
2026-07-22 13:56:27.403988: No module named 'hiddenlayer'
2026-07-22 13:56:27.834831: 
2026-07-22 13:56:27.835767: Epoch 0
2026-07-22 13:56:27.836164: Current learning rate: 0.001
2026-07-22 14:05:16.664990: train_loss 0.1118
2026-07-22 14:05:17.062844: val_loss -0.1504
2026-07-22 14:05:17.063304: Pseudo dice [0.6838, 0.7831, 0.0213, 0.0]
2026-07-22 14:05:17.090368: Epoch time: 528.77 s
2026-07-22 14:05:17.091518: Yayy! New best EMA pseudo Dice: 0.3721
2026-07-22 14:05:27.304070: 
2026-07-22 14:05:27.305589: Epoch 1
2026-07-22 14:05:27.305743: Current learning rate: 0.001
2026-07-22 14:13:34.298075: train_loss -0.2879
2026-07-22 14:13:34.412296: val_loss -0.2986
2026-07-22 14:13:34.413037: Pseudo dice [0.7139, 0.884, 0.8111, 0.0]
2026-07-22 14:13:34.453688: Epoch time: 486.98 s
2026-07-22 14:13:34.464212: Yayy! New best EMA pseudo Dice: 0.3951
2026-07-22 14:13:42.797195: 
2026-07-22 14:13:42.797369: Epoch 2
2026-07-22 14:13:42.797506: Current learning rate: 0.00099
2026-07-22 14:21:30.659092: train_loss -0.3521
2026-07-22 14:21:31.390078: val_loss -0.2895
2026-07-22 14:21:31.390666: Pseudo dice [0.6934, 0.8629, 0.7332, 0.0]
2026-07-22 14:21:31.617510: Epoch time: 467.85 s
2026-07-22 14:21:31.620973: Yayy! New best EMA pseudo Dice: 0.4128
2026-07-22 14:21:42.728771: 
2026-07-22 14:21:42.729595: Epoch 3
2026-07-22 14:21:42.729712: Current learning rate: 0.00099
2026-07-22 14:30:04.280089: train_loss -0.3582
2026-07-22 14:30:04.450377: val_loss -0.3306
2026-07-22 14:30:04.450823: Pseudo dice [0.754, 0.8656, 0.8126, 0.0]
2026-07-22 14:30:04.463323: Epoch time: 501.54 s
2026-07-22 14:30:04.464523: Yayy! New best EMA pseudo Dice: 0.4323
2026-07-22 14:30:13.844855: 
2026-07-22 14:30:13.845073: Epoch 4
2026-07-22 14:30:13.845202: Current learning rate: 0.00098
2026-07-22 14:38:49.695579: train_loss -0.3728
2026-07-22 14:38:49.698816: val_loss -0.3817
2026-07-22 14:38:49.699131: Pseudo dice [0.694, 0.8917, 0.7779, 0.0]
2026-07-22 14:38:49.699387: Epoch time: 515.85 s
2026-07-22 14:38:49.699579: Yayy! New best EMA pseudo Dice: 0.4482
2026-07-22 14:38:52.854898: 
2026-07-22 14:38:52.859084: Epoch 5
2026-07-22 14:38:52.859391: Current learning rate: 0.00098
2026-07-22 14:47:19.985805: train_loss -0.3806
2026-07-22 14:47:19.987289: val_loss -0.3606
2026-07-22 14:47:19.987617: Pseudo dice [0.7538, 0.8947, 0.7669, 0.5983]
2026-07-22 14:47:19.987945: Epoch time: 507.11 s
2026-07-22 14:47:19.988194: Yayy! New best EMA pseudo Dice: 0.4787
2026-07-22 14:47:23.541931: 
2026-07-22 14:47:23.542806: Epoch 6
2026-07-22 14:47:23.542965: Current learning rate: 0.00097
2026-07-22 14:55:28.993770: train_loss -0.4039
2026-07-22 14:55:28.996160: val_loss -0.3501
2026-07-22 14:55:28.996297: Pseudo dice [0.7361, 0.8757, 0.7742, 0.495]
2026-07-22 14:55:28.996427: Epoch time: 485.45 s
2026-07-22 14:55:28.996608: Yayy! New best EMA pseudo Dice: 0.5029
2026-07-22 14:55:32.115005: 
2026-07-22 14:55:32.122497: Epoch 7
2026-07-22 14:55:32.123022: Current learning rate: 0.00097
2026-07-22 15:03:12.312923: train_loss -0.435
2026-07-22 15:03:12.313278: val_loss -0.4703
2026-07-22 15:03:12.313397: Pseudo dice [0.7842, 0.8874, 0.8621, 0.5103]
2026-07-22 15:03:12.313498: Epoch time: 460.2 s
2026-07-22 15:03:12.313569: Yayy! New best EMA pseudo Dice: 0.5287
2026-07-22 15:03:14.054341: 
2026-07-22 15:03:14.054595: Epoch 8
2026-07-22 15:03:14.055877: Current learning rate: 0.00096
2026-07-22 15:11:21.487340: train_loss -0.5148
2026-07-22 15:11:21.493170: val_loss -0.4668
2026-07-22 15:11:21.493659: Pseudo dice [0.6451, 0.8725, 0.6896, 0.3072]
2026-07-22 15:11:21.494792: Epoch time: 487.43 s
2026-07-22 15:11:21.494880: Yayy! New best EMA pseudo Dice: 0.5387
2026-07-22 15:11:24.352219: 
2026-07-22 15:11:24.463038: Epoch 9
2026-07-22 15:11:24.463217: Current learning rate: 0.00096
2026-07-22 15:19:26.290597: train_loss -0.5232
2026-07-22 15:19:26.291099: val_loss -0.4989
2026-07-22 15:19:26.291236: Pseudo dice [0.6473, 0.8697, 0.7829, 0.6021]
2026-07-22 15:19:26.291369: Epoch time: 481.94 s
2026-07-22 15:19:26.291470: Yayy! New best EMA pseudo Dice: 0.5573
2026-07-22 15:19:28.247920: 
2026-07-22 15:19:28.248755: Epoch 10
2026-07-22 15:19:28.248872: Current learning rate: 0.00095
2026-07-22 15:27:21.128525: train_loss -0.5471
2026-07-22 15:27:21.333937: val_loss -0.4635
2026-07-22 15:27:21.334428: Pseudo dice [0.6119, 0.8922, 0.77, 0.6007]
2026-07-22 15:27:21.365358: Epoch time: 472.88 s
2026-07-22 15:27:21.366365: Yayy! New best EMA pseudo Dice: 0.5735
2026-07-22 15:27:30.394154: 
2026-07-22 15:27:30.394309: Epoch 11
2026-07-22 15:27:30.394422: Current learning rate: 0.00095
2026-07-22 15:35:12.800024: train_loss -0.5462
2026-07-22 15:35:12.800825: val_loss -0.5054
2026-07-22 15:35:12.800970: Pseudo dice [0.625, 0.8772, 0.7962, 0.6322]
2026-07-22 15:35:12.801100: Epoch time: 462.41 s
2026-07-22 15:35:12.801197: Yayy! New best EMA pseudo Dice: 0.5894
2026-07-22 15:35:14.782416: 
2026-07-22 15:35:14.782577: Epoch 12
2026-07-22 15:35:14.782698: Current learning rate: 0.00095
2026-07-22 15:43:03.816989: train_loss -0.5617
2026-07-22 15:43:03.818183: val_loss -0.5007
2026-07-22 15:43:03.818498: Pseudo dice [0.5666, 0.8874, 0.7552, 0.4917]
2026-07-22 15:43:03.820126: Epoch time: 469.04 s
2026-07-22 15:43:03.820703: Yayy! New best EMA pseudo Dice: 0.598
2026-07-22 15:43:07.951753: 
2026-07-22 15:43:07.951921: Epoch 13
2026-07-22 15:43:07.952032: Current learning rate: 0.00094
2026-07-22 15:51:38.296690: train_loss -0.5617
2026-07-22 15:51:38.297078: val_loss -0.4915
2026-07-22 15:51:38.297200: Pseudo dice [0.7739, 0.8842, 0.8267, 0.5318]
2026-07-22 15:51:38.297338: Epoch time: 510.35 s
2026-07-22 15:51:38.297425: Yayy! New best EMA pseudo Dice: 0.6136
2026-07-22 15:51:39.945016: 
2026-07-22 15:51:39.945289: Epoch 14
2026-07-22 15:51:39.945409: Current learning rate: 0.00094
2026-07-22 15:59:42.316518: train_loss -0.5732
2026-07-22 15:59:42.316834: val_loss -0.4995
2026-07-22 15:59:42.316951: Pseudo dice [0.7113, 0.8889, 0.7594, 0.6837]
2026-07-22 15:59:42.317063: Epoch time: 482.37 s
2026-07-22 15:59:42.317210: Yayy! New best EMA pseudo Dice: 0.6283
2026-07-22 15:59:45.393394: 
2026-07-22 15:59:45.393577: Epoch 15
2026-07-22 15:59:45.393787: Current learning rate: 0.00093
2026-07-22 16:08:05.196754: train_loss -0.57
2026-07-22 16:08:05.632259: val_loss -0.4849
2026-07-22 16:08:05.632950: Pseudo dice [0.6211, 0.8912, 0.7954, 0.3088]
2026-07-22 16:08:05.650541: Epoch time: 499.8 s
2026-07-22 16:08:05.651740: Yayy! New best EMA pseudo Dice: 0.6309
2026-07-22 16:08:15.614630: 
2026-07-22 16:08:15.614873: Epoch 16
2026-07-22 16:08:15.614988: Current learning rate: 0.00093
2026-07-22 16:16:26.185232: train_loss -0.5322
2026-07-22 16:16:26.185567: val_loss -0.5209
2026-07-22 16:16:26.185669: Pseudo dice [0.567, 0.8882, 0.752, 0.5481]
2026-07-22 16:16:26.185799: Epoch time: 490.57 s
2026-07-22 16:16:26.185950: Yayy! New best EMA pseudo Dice: 0.6367
2026-07-22 16:16:32.304286: 
2026-07-22 16:16:32.514353: Epoch 17
2026-07-22 16:16:32.516835: Current learning rate: 0.00092
2026-07-22 16:24:33.753547: train_loss -0.5609
2026-07-22 16:24:33.755328: val_loss -0.5692
2026-07-22 16:24:33.755487: Pseudo dice [0.7619, 0.9007, 0.8145, 0.7032]
2026-07-22 16:24:33.755635: Epoch time: 481.45 s
2026-07-22 16:24:33.755740: Yayy! New best EMA pseudo Dice: 0.6525
2026-07-22 16:24:37.204431: 
2026-07-22 16:24:37.204587: Epoch 18
2026-07-22 16:24:37.204708: Current learning rate: 0.00092
2026-07-22 16:32:26.709589: train_loss -0.5694
2026-07-22 16:32:26.710727: val_loss -0.5031
2026-07-22 16:32:26.710943: Pseudo dice [0.7153, 0.8838, 0.818, 0.5743]
2026-07-22 16:32:26.711492: Epoch time: 469.51 s
2026-07-22 16:32:26.711659: Yayy! New best EMA pseudo Dice: 0.6621
2026-07-22 16:32:31.150820: 
2026-07-22 16:32:31.151089: Epoch 19
2026-07-22 16:32:31.151273: Current learning rate: 0.00091
2026-07-22 16:40:19.813994: train_loss -0.5662
2026-07-22 16:40:19.815368: val_loss -0.5018
2026-07-22 16:40:19.815569: Pseudo dice [0.5744, 0.8986, 0.8471, 0.3232]
2026-07-22 16:40:19.815765: Epoch time: 468.67 s
2026-07-22 16:40:26.372502: 
2026-07-22 16:40:26.372728: Epoch 20
2026-07-22 16:40:26.372859: Current learning rate: 0.00091
2026-07-22 16:48:16.068777: train_loss -0.5654
2026-07-22 16:48:16.076960: val_loss -0.4694
2026-07-22 16:48:16.077296: Pseudo dice [0.5926, 0.8837, 0.8116, 0.422]
2026-07-22 16:48:16.078107: Epoch time: 469.7 s
2026-07-22 16:48:16.078466: Yayy! New best EMA pseudo Dice: 0.6635
2026-07-22 16:48:18.668361: 
2026-07-22 16:48:18.668525: Epoch 21
2026-07-22 16:48:18.668631: Current learning rate: 0.0009
2026-07-22 16:56:33.171265: train_loss -0.5622
2026-07-22 16:56:33.578013: val_loss -0.5116
2026-07-22 16:56:33.578533: Pseudo dice [0.6579, 0.8817, 0.7934, 0.6066]
2026-07-22 16:56:33.581759: Epoch time: 494.5 s
2026-07-22 16:56:33.582956: Yayy! New best EMA pseudo Dice: 0.6706
2026-07-22 16:56:41.020472: 
2026-07-22 16:56:41.032061: Epoch 22
2026-07-22 16:56:41.032486: Current learning rate: 0.0009
2026-07-22 17:04:25.461151: train_loss -0.5662
2026-07-22 17:04:25.479199: val_loss -0.4942
2026-07-22 17:04:25.479750: Pseudo dice [0.5971, 0.8607, 0.7423, 0.2512]
2026-07-22 17:04:25.482087: Epoch time: 464.44 s
2026-07-22 17:04:27.423858: 
2026-07-22 17:04:27.424825: Epoch 23
2026-07-22 17:04:27.425863: Current learning rate: 0.0009
2026-07-22 17:12:11.167756: train_loss -0.5658
2026-07-22 17:12:11.172148: val_loss -0.4774
2026-07-22 17:12:11.172388: Pseudo dice [0.5393, 0.8757, 0.85, 0.6028]
2026-07-22 17:12:11.173530: Epoch time: 463.74 s
2026-07-22 17:12:14.382902: 
2026-07-22 17:12:14.383170: Epoch 24
2026-07-22 17:12:14.383290: Current learning rate: 0.00089
2026-07-22 17:19:44.931830: train_loss -0.565
2026-07-22 17:19:44.941587: val_loss -0.4973
2026-07-22 17:19:44.942509: Pseudo dice [0.7, 0.8849, 0.8421, 0.3664]
2026-07-22 17:19:44.943192: Epoch time: 450.55 s
2026-07-22 17:19:53.376598: Yayy! New best EMA pseudo Dice: 0.6729
2026-07-22 17:19:57.227962: 
2026-07-22 17:19:57.228134: Epoch 25
2026-07-22 17:19:57.238135: Current learning rate: 0.00089
2026-07-22 17:27:23.773666: train_loss -0.562
2026-07-22 17:27:24.507529: val_loss -0.5052
2026-07-22 17:27:24.508183: Pseudo dice [0.7151, 0.8968, 0.8424, 0.6757]
2026-07-22 17:27:24.686576: Epoch time: 446.55 s
2026-07-22 17:27:24.687124: Yayy! New best EMA pseudo Dice: 0.6839
2026-07-22 17:27:30.319992: 
2026-07-22 17:27:30.320516: Epoch 26
2026-07-22 17:27:30.320628: Current learning rate: 0.00088
2026-07-22 17:35:21.212825: train_loss -0.5623
2026-07-22 17:35:21.432198: val_loss -0.5361
2026-07-22 17:35:21.432852: Pseudo dice [0.8058, 0.8991, 0.8723, 0.5357]
2026-07-22 17:35:21.434499: Epoch time: 470.89 s
2026-07-22 17:35:21.435043: Yayy! New best EMA pseudo Dice: 0.6933
2026-07-22 17:35:25.742744: 
2026-07-22 17:35:25.744135: Epoch 27
2026-07-22 17:35:25.744331: Current learning rate: 0.00088
2026-07-22 17:43:11.711665: train_loss -0.5617
2026-07-22 17:43:11.781052: val_loss -0.4673
2026-07-22 17:43:11.781456: Pseudo dice [0.6723, 0.8928, 0.7873, 0.6717]
2026-07-22 17:43:11.791140: Epoch time: 465.97 s
2026-07-22 17:43:11.791638: Yayy! New best EMA pseudo Dice: 0.6996
2026-07-22 17:43:17.282950: 
2026-07-22 17:43:17.284446: Epoch 28
2026-07-22 17:43:17.284636: Current learning rate: 0.00087
2026-07-22 17:50:49.780026: train_loss -0.5599
2026-07-22 17:50:49.862698: val_loss -0.5077
2026-07-22 17:50:49.863148: Pseudo dice [0.6665, 0.8813, 0.8097, 0.2368]
2026-07-22 17:50:49.865474: Epoch time: 452.5 s
2026-07-22 17:50:52.646441: 
2026-07-22 17:50:52.649240: Epoch 29
2026-07-22 17:50:52.649820: Current learning rate: 0.00087
2026-07-22 17:59:00.724167: train_loss -0.5575
2026-07-22 17:59:01.298544: val_loss -0.5375
2026-07-22 17:59:01.300459: Pseudo dice [0.7808, 0.9037, 0.8295, 0.4551]
2026-07-22 17:59:01.329158: Epoch time: 488.07 s
2026-07-22 17:59:05.334792: 
2026-07-22 17:59:05.335004: Epoch 30
2026-07-22 17:59:05.335129: Current learning rate: 0.00086
2026-07-22 18:07:25.031894: train_loss -0.572
2026-07-22 18:07:25.415946: val_loss -0.5101
2026-07-22 18:07:25.416467: Pseudo dice [0.5746, 0.8945, 0.8072, 0.3708]
2026-07-22 18:07:25.436358: Epoch time: 499.68 s
2026-07-22 18:07:27.926889: 
2026-07-22 18:07:27.927071: Epoch 31
2026-07-22 18:07:27.927197: Current learning rate: 0.00086
2026-07-22 18:15:14.921104: train_loss -0.5485
2026-07-22 18:15:15.337425: val_loss -0.4921
2026-07-22 18:15:15.337857: Pseudo dice [0.728, 0.9007, 0.8319, 0.3931]
2026-07-22 18:15:15.339146: Epoch time: 466.99 s
2026-07-22 18:15:23.035132: 
2026-07-22 18:15:23.035331: Epoch 32
2026-07-22 18:15:23.036436: Current learning rate: 0.00085
2026-07-22 18:23:05.877804: train_loss -0.5716
2026-07-22 18:23:05.902835: val_loss -0.5113
2026-07-22 18:23:05.903137: Pseudo dice [0.6662, 0.8855, 0.7729, 0.2363]
2026-07-22 18:23:05.905364: Epoch time: 462.84 s
2026-07-22 18:23:07.135708: 
2026-07-22 18:23:07.135876: Epoch 33
2026-07-22 18:23:07.137963: Current learning rate: 0.00085
2026-07-22 18:30:42.580967: train_loss -0.5619
2026-07-22 18:30:42.582814: val_loss -0.5095
2026-07-22 18:30:42.583179: Pseudo dice [0.7508, 0.9117, 0.8426, 0.471]
2026-07-22 18:30:42.583550: Epoch time: 455.45 s
2026-07-22 18:30:44.032372: 
2026-07-22 18:30:44.067010: Epoch 34
2026-07-22 18:30:44.072532: Current learning rate: 0.00085
2026-07-22 18:39:17.723500: train_loss -0.5782
2026-07-22 18:39:17.724351: val_loss -0.5065
2026-07-22 18:39:17.737586: Pseudo dice [0.7563, 0.8814, 0.8591, 0.5867]
2026-07-22 18:39:17.737987: Epoch time: 513.69 s
2026-07-22 18:39:17.738236: Yayy! New best EMA pseudo Dice: 0.7042
2026-07-22 18:39:20.234761: 
2026-07-22 18:39:20.318839: Epoch 35
2026-07-22 18:39:20.319699: Current learning rate: 0.00084
2026-07-22 18:48:02.851761: train_loss -0.5567
2026-07-22 18:48:03.055027: val_loss -0.4998
2026-07-22 18:48:03.055491: Pseudo dice [0.7561, 0.9006, 0.8458, 0.6301]
2026-07-22 18:48:03.059753: Epoch time: 522.62 s
2026-07-22 18:48:03.061585: Yayy! New best EMA pseudo Dice: 0.7121
2026-07-22 18:48:09.166784: 
2026-07-22 18:48:09.166970: Epoch 36
2026-07-22 18:48:09.267402: Current learning rate: 0.00084
2026-07-22 18:56:26.788351: train_loss -0.5557
2026-07-22 18:56:26.909982: val_loss -0.497
2026-07-22 18:56:26.910460: Pseudo dice [0.7061, 0.9001, 0.8577, 0.6699]
2026-07-22 18:56:26.911433: Epoch time: 497.62 s
2026-07-22 18:56:26.911682: Yayy! New best EMA pseudo Dice: 0.7193
2026-07-22 18:56:31.847389: 
2026-07-22 18:56:31.847963: Epoch 37
2026-07-22 18:56:31.848606: Current learning rate: 0.00083
2026-07-22 19:04:17.805263: train_loss -0.5868
2026-07-22 19:04:17.976422: val_loss -0.5162
2026-07-22 19:04:17.976822: Pseudo dice [0.742, 0.8931, 0.84, 0.7457]
2026-07-22 19:04:17.977935: Epoch time: 465.96 s
2026-07-22 19:04:17.978117: Yayy! New best EMA pseudo Dice: 0.7279
2026-07-22 19:04:22.272596: 
2026-07-22 19:04:22.273371: Epoch 38
2026-07-22 19:04:22.273602: Current learning rate: 0.00083
2026-07-22 19:12:19.584819: train_loss -0.5688
2026-07-22 19:12:19.593082: val_loss -0.5309
2026-07-22 19:12:19.593331: Pseudo dice [0.7415, 0.8886, 0.8391, 0.5651]
2026-07-22 19:12:19.594714: Epoch time: 477.31 s
2026-07-22 19:12:19.594894: Yayy! New best EMA pseudo Dice: 0.7309
2026-07-22 19:12:27.518716: 
2026-07-22 19:12:27.519528: Epoch 39
2026-07-22 19:12:27.520061: Current learning rate: 0.00082
2026-07-22 19:20:15.888271: train_loss -0.5683
2026-07-22 19:20:15.893660: val_loss -0.4797
2026-07-22 19:20:15.894036: Pseudo dice [0.6475, 0.8887, 0.829, 0.5647]
2026-07-22 19:20:15.894900: Epoch time: 468.37 s
2026-07-22 19:20:15.895316: Yayy! New best EMA pseudo Dice: 0.7311
2026-07-22 19:20:19.593624: 
2026-07-22 19:20:19.593797: Epoch 40
2026-07-22 19:20:19.593927: Current learning rate: 0.00082
2026-07-22 19:28:10.264371: train_loss -0.5763
2026-07-22 19:28:10.268935: val_loss -0.5531
2026-07-22 19:28:10.269157: Pseudo dice [0.6765, 0.8824, 0.7528, 0.5994]
2026-07-22 19:28:10.269359: Epoch time: 470.67 s
2026-07-22 19:28:12.394208: 
2026-07-22 19:28:12.394399: Epoch 41
2026-07-22 19:28:12.394539: Current learning rate: 0.00081
2026-07-22 19:36:07.010634: train_loss -0.5626
2026-07-22 19:36:07.011601: val_loss -0.4443
2026-07-22 19:36:07.011786: Pseudo dice [0.5033, 0.8749, 0.6068, 0.3649]
2026-07-22 19:36:07.012306: Epoch time: 474.62 s
2026-07-22 19:36:08.995068: 
2026-07-22 19:36:08.998664: Epoch 42
2026-07-22 19:36:08.999052: Current learning rate: 0.00081
2026-07-22 19:44:12.679482: train_loss -0.5563
2026-07-22 19:44:13.557850: val_loss -0.5306
2026-07-22 19:44:13.558321: Pseudo dice [0.6756, 0.8871, 0.8099, 0.5448]
2026-07-22 19:44:13.593315: Epoch time: 483.57 s
2026-07-22 19:44:20.271630: 
2026-07-22 19:44:20.281224: Epoch 43
2026-07-22 19:44:20.281677: Current learning rate: 0.0008
2026-07-22 19:52:59.761271: train_loss -0.5544
2026-07-22 19:53:00.184813: val_loss -0.5264
2026-07-22 19:53:00.185375: Pseudo dice [0.8028, 0.868, 0.8416, 0.7072]
2026-07-22 19:53:00.236467: Epoch time: 519.49 s
2026-07-22 19:53:04.687999: 
2026-07-22 19:53:04.701017: Epoch 44
2026-07-22 19:53:04.701213: Current learning rate: 0.0008
2026-07-22 20:01:19.903038: train_loss -0.5655
2026-07-22 20:01:20.195338: val_loss -0.5104
2026-07-22 20:01:20.195824: Pseudo dice [0.7819, 0.9006, 0.8546, 0.1726]
2026-07-22 20:01:20.198723: Epoch time: 495.21 s
2026-07-22 20:01:25.016999: 
2026-07-22 20:01:25.017742: Epoch 45
2026-07-22 20:01:25.017847: Current learning rate: 0.0008
2026-07-22 20:09:14.322248: train_loss -0.5704
2026-07-22 20:09:14.324221: val_loss -0.5329
2026-07-22 20:09:14.324554: Pseudo dice [0.7577, 0.892, 0.8331, 0.4857]
2026-07-22 20:09:14.325002: Epoch time: 469.31 s
2026-07-22 20:09:20.190448: 
2026-07-22 20:09:20.190630: Epoch 46
2026-07-22 20:09:20.190757: Current learning rate: 0.00079
2026-07-22 20:17:04.384338: train_loss -0.574
2026-07-22 20:17:04.575542: val_loss -0.5209
2026-07-22 20:17:04.576048: Pseudo dice [0.5636, 0.9047, 0.7713, 0.6201]
2026-07-22 20:17:04.649422: Epoch time: 464.18 s
2026-07-22 20:17:09.533997: 
2026-07-22 20:17:09.534150: Epoch 47
2026-07-22 20:17:09.534255: Current learning rate: 0.00079
2026-07-22 20:24:56.253606: train_loss -0.5745
2026-07-22 20:24:56.392191: val_loss -0.46
2026-07-22 20:24:56.392598: Pseudo dice [0.4152, 0.8856, 0.7563, 0.5555]
2026-07-22 20:24:56.420504: Epoch time: 466.7 s
2026-07-22 20:25:01.372575: 
2026-07-22 20:25:01.373858: Epoch 48
2026-07-22 20:25:01.374192: Current learning rate: 0.00078
2026-07-22 20:32:44.924442: train_loss -0.5709
2026-07-22 20:32:44.937435: val_loss -0.4984
2026-07-22 20:32:44.938105: Pseudo dice [0.7062, 0.8786, 0.8371, 0.6063]
2026-07-22 20:32:44.938607: Epoch time: 463.55 s
2026-07-22 20:32:46.873573: 
2026-07-22 20:32:46.873808: Epoch 49
2026-07-22 20:32:46.873956: Current learning rate: 0.00078
2026-07-22 20:40:14.434847: train_loss -0.5652
2026-07-22 20:40:14.436687: val_loss -0.486
2026-07-22 20:40:14.436887: Pseudo dice [0.5672, 0.8841, 0.7096, 0.4853]
2026-07-22 20:40:14.437007: Epoch time: 447.56 s
2026-07-22 20:40:16.729204: 
2026-07-22 20:40:16.955203: Epoch 50
2026-07-22 20:40:16.956020: Current learning rate: 0.00077
2026-07-22 20:48:09.979531: train_loss -0.5606
2026-07-22 20:48:11.181317: val_loss -0.4945
2026-07-22 20:48:11.181874: Pseudo dice [0.5084, 0.8764, 0.7744, 0.486]
2026-07-22 20:48:11.257485: Epoch time: 473.23 s
2026-07-22 20:48:17.336398: 
2026-07-22 20:48:17.336595: Epoch 51
2026-07-22 20:48:17.336799: Current learning rate: 0.00077
2026-07-22 20:57:20.946243: train_loss -0.5718
2026-07-22 20:57:21.362323: val_loss -0.5041
2026-07-22 20:57:21.363592: Pseudo dice [0.7243, 0.8919, 0.8106, 0.6631]
2026-07-22 20:57:21.416799: Epoch time: 543.61 s
2026-07-22 20:57:25.901851: 
2026-07-22 20:57:25.903856: Epoch 52
2026-07-22 20:57:25.904670: Current learning rate: 0.00076
2026-07-22 21:05:38.370772: train_loss -0.574
2026-07-22 21:05:38.371687: val_loss -0.5411
2026-07-22 21:05:38.372033: Pseudo dice [0.715, 0.8994, 0.8333, 0.5815]
2026-07-22 21:05:38.372396: Epoch time: 492.47 s
2026-07-22 21:05:39.906428: 
2026-07-22 21:05:40.344575: Epoch 53
2026-07-22 21:05:40.437746: Current learning rate: 0.00076
2026-07-22 21:14:01.821157: train_loss -0.58
2026-07-22 21:14:01.821520: val_loss -0.5172
2026-07-22 21:14:01.821631: Pseudo dice [0.6092, 0.8762, 0.7594, 0.5566]
2026-07-22 21:14:01.821744: Epoch time: 501.92 s
2026-07-22 21:14:06.966825: 
2026-07-22 21:14:06.966984: Epoch 54
2026-07-22 21:14:06.967089: Current learning rate: 0.00075
2026-07-22 21:22:11.160471: train_loss -0.5679
2026-07-22 21:22:11.170485: val_loss -0.5045
2026-07-22 21:22:11.170923: Pseudo dice [0.7329, 0.9051, 0.8208, 0.5495]
2026-07-22 21:22:11.171731: Epoch time: 484.19 s
2026-07-22 21:22:14.009319: 
2026-07-22 21:22:14.009525: Epoch 55
2026-07-22 21:22:14.011508: Current learning rate: 0.00075
2026-07-22 21:30:04.942435: train_loss -0.5742
2026-07-22 21:30:05.613180: val_loss -0.5104
2026-07-22 21:30:05.613697: Pseudo dice [0.6937, 0.9024, 0.8141, 0.5564]
2026-07-22 21:30:05.614808: Epoch time: 470.92 s
2026-07-22 21:30:08.689713: 
2026-07-22 21:30:08.706122: Epoch 56
2026-07-22 21:30:08.773929: Current learning rate: 0.00074
2026-07-22 21:38:18.536211: train_loss -0.5658
2026-07-22 21:38:18.901135: val_loss -0.5538
2026-07-22 21:38:18.901575: Pseudo dice [0.7112, 0.8894, 0.809, 0.7329]
2026-07-22 21:38:18.904348: Epoch time: 489.85 s
2026-07-22 21:38:20.840986: 
2026-07-22 21:38:21.007679: Epoch 57
2026-07-22 21:38:21.026815: Current learning rate: 0.00074
2026-07-22 21:46:13.618184: train_loss -0.5788
2026-07-22 21:46:13.697633: val_loss -0.5135
2026-07-22 21:46:13.698053: Pseudo dice [0.6687, 0.8852, 0.8237, 0.643]
2026-07-22 21:46:13.722318: Epoch time: 472.78 s
2026-07-22 21:46:13.722733: Yayy! New best EMA pseudo Dice: 0.7319
2026-07-22 21:46:19.589545: 
2026-07-22 21:46:19.679482: Epoch 58
2026-07-22 21:46:19.680387: Current learning rate: 0.00073
2026-07-22 21:53:45.966700: train_loss -0.5804
2026-07-22 21:53:45.967286: val_loss -0.5069
2026-07-22 21:53:45.967400: Pseudo dice [0.8293, 0.8913, 0.8632, 0.7744]
2026-07-22 21:53:45.967974: Epoch time: 446.38 s
2026-07-22 21:53:45.968086: Yayy! New best EMA pseudo Dice: 0.7426
2026-07-22 21:53:48.516767: 
2026-07-22 21:53:48.519500: Epoch 59
2026-07-22 21:53:48.519649: Current learning rate: 0.00073
2026-07-22 22:01:31.084979: train_loss -0.5788
2026-07-22 22:01:31.087562: val_loss -0.5388
2026-07-22 22:01:31.088677: Pseudo dice [0.7188, 0.8908, 0.8045, 0.665]
2026-07-22 22:01:31.091579: Epoch time: 462.57 s
2026-07-22 22:01:31.091732: Yayy! New best EMA pseudo Dice: 0.7453
2026-07-22 22:01:34.110939: 
2026-07-22 22:01:34.115162: Epoch 60
2026-07-22 22:01:34.115289: Current learning rate: 0.00073
2026-07-22 22:08:55.025124: train_loss -0.5638
2026-07-22 22:08:55.025540: val_loss -0.5096
2026-07-22 22:08:55.025675: Pseudo dice [0.7156, 0.8985, 0.7832, 0.595]
2026-07-22 22:08:55.025803: Epoch time: 440.91 s
2026-07-22 22:08:55.040122: Yayy! New best EMA pseudo Dice: 0.7456
2026-07-22 22:08:59.545974: 
2026-07-22 22:08:59.546869: Epoch 61
2026-07-22 22:08:59.547297: Current learning rate: 0.00072
2026-07-22 22:16:50.587353: train_loss -0.5654
2026-07-22 22:16:50.600474: val_loss -0.513
2026-07-22 22:16:50.601098: Pseudo dice [0.7462, 0.8793, 0.8362, 0.6844]
2026-07-22 22:16:50.601232: Epoch time: 471.04 s
2026-07-22 22:16:50.602035: Yayy! New best EMA pseudo Dice: 0.7497
2026-07-22 22:16:54.963484: 
2026-07-22 22:16:54.964286: Epoch 62
2026-07-22 22:16:54.964570: Current learning rate: 0.00072
2026-07-22 22:24:39.348397: train_loss -0.5567
2026-07-22 22:24:39.350075: val_loss -0.4996
2026-07-22 22:24:39.350315: Pseudo dice [0.7445, 0.8988, 0.8278, 0.6281]
2026-07-22 22:24:39.350522: Epoch time: 464.39 s
2026-07-22 22:24:39.351257: Yayy! New best EMA pseudo Dice: 0.7522
2026-07-22 22:24:43.323525: 
2026-07-22 22:24:43.324445: Epoch 63
2026-07-22 22:24:43.324566: Current learning rate: 0.00071
2026-07-22 22:32:36.583821: train_loss -0.5689
2026-07-22 22:32:36.584337: val_loss -0.5041
2026-07-22 22:32:36.584476: Pseudo dice [0.65, 0.891, 0.8078, 0.3737]
2026-07-22 22:32:36.584614: Epoch time: 473.26 s
2026-07-22 22:32:38.308133: 
2026-07-22 22:32:38.308333: Epoch 64
2026-07-22 22:32:38.308439: Current learning rate: 0.00071
2026-07-22 22:40:34.959335: train_loss -0.5784
2026-07-22 22:40:35.166281: val_loss -0.4547
2026-07-22 22:40:35.166779: Pseudo dice [0.453, 0.8947, 0.7287, 0.3329]
2026-07-22 22:40:35.196277: Epoch time: 476.64 s
2026-07-22 22:40:40.794778: 
2026-07-22 22:40:40.794989: Epoch 65
2026-07-22 22:40:40.795105: Current learning rate: 0.0007
2026-07-22 22:49:01.747423: train_loss -0.5843
2026-07-22 22:49:01.754040: val_loss -0.4742
2026-07-22 22:49:01.754660: Pseudo dice [0.7711, 0.8913, 0.8086, 0.6084]
2026-07-22 22:49:01.754992: Epoch time: 500.95 s
2026-07-22 22:49:02.920620: 
2026-07-22 22:49:02.922044: Epoch 66
2026-07-22 22:49:02.922172: Current learning rate: 0.0007
2026-07-22 22:57:17.488880: train_loss -0.5773
2026-07-22 22:57:17.489994: val_loss -0.5383
2026-07-22 22:57:17.490170: Pseudo dice [0.7315, 0.9069, 0.8072, 0.5254]
2026-07-22 22:57:17.491310: Epoch time: 494.57 s
2026-07-22 22:57:18.705490: 
2026-07-22 22:57:18.705655: Epoch 67
2026-07-22 22:57:18.705761: Current learning rate: 0.00069
2026-07-22 23:05:13.171274: train_loss -0.5723
2026-07-22 23:05:13.553998: val_loss -0.5063
2026-07-22 23:05:13.554595: Pseudo dice [0.7369, 0.8884, 0.8513, 0.7288]
2026-07-22 23:05:13.580232: Epoch time: 474.46 s
2026-07-22 23:05:15.959277: 
2026-07-22 23:05:16.026993: Epoch 68
2026-07-22 23:05:16.027568: Current learning rate: 0.00069
2026-07-22 23:12:55.133734: train_loss -0.5738
2026-07-22 23:12:55.604698: val_loss -0.4843
2026-07-22 23:12:55.605927: Pseudo dice [0.7083, 0.8819, 0.8089, 0.3105]
2026-07-22 23:12:55.636831: Epoch time: 459.17 s
2026-07-22 23:12:59.593703: 
2026-07-22 23:12:59.593853: Epoch 69
2026-07-22 23:12:59.593986: Current learning rate: 0.00068
2026-07-22 23:21:02.073370: train_loss -0.5612
2026-07-22 23:21:02.453186: val_loss -0.5046
2026-07-22 23:21:02.454306: Pseudo dice [0.5753, 0.8746, 0.7568, 0.5508]
2026-07-22 23:21:02.531979: Epoch time: 482.41 s
2026-07-22 23:21:07.664205: 
2026-07-22 23:21:07.664383: Epoch 70
2026-07-22 23:21:07.664511: Current learning rate: 0.00068
2026-07-22 23:29:26.289535: train_loss -0.5682
2026-07-22 23:29:26.561252: val_loss -0.497
2026-07-22 23:29:26.562345: Pseudo dice [0.8031, 0.8958, 0.8789, 0.6346]
2026-07-22 23:29:26.575212: Epoch time: 498.63 s
2026-07-22 23:29:30.730882: 
2026-07-22 23:29:30.732266: Epoch 71
2026-07-22 23:29:30.746868: Current learning rate: 0.00067
2026-07-22 23:37:44.758548: train_loss -0.5773
2026-07-22 23:37:44.905291: val_loss -0.5292
2026-07-22 23:37:44.905869: Pseudo dice [0.7665, 0.898, 0.8445, 0.6211]
2026-07-22 23:37:44.908284: Epoch time: 494.03 s
2026-07-22 23:37:48.736454: 
2026-07-22 23:37:48.737530: Epoch 72
2026-07-22 23:37:48.737816: Current learning rate: 0.00067
2026-07-22 23:45:30.997351: train_loss -0.5738
2026-07-22 23:45:31.089597: val_loss -0.4755
2026-07-22 23:45:31.090593: Pseudo dice [0.7095, 0.8886, 0.8509, 0.3517]
2026-07-22 23:45:31.115425: Epoch time: 462.25 s
2026-07-22 23:45:35.625581: 
2026-07-22 23:45:35.625762: Epoch 73
2026-07-22 23:45:35.626560: Current learning rate: 0.00066
2026-07-22 23:54:17.626793: train_loss -0.5635
2026-07-22 23:54:17.627624: val_loss -0.4879
2026-07-22 23:54:17.628339: Pseudo dice [0.5876, 0.8847, 0.7934, 0.4216]
2026-07-22 23:54:17.628665: Epoch time: 522.0 s
2026-07-22 23:54:19.504190: 
2026-07-22 23:54:19.504346: Epoch 74
2026-07-22 23:54:19.504445: Current learning rate: 0.00066
2026-07-23 00:02:31.892500: train_loss -0.5795
2026-07-23 00:02:31.900135: val_loss -0.5411
2026-07-23 00:02:31.900394: Pseudo dice [0.6953, 0.9057, 0.8068, 0.6804]
2026-07-23 00:02:31.901194: Epoch time: 492.39 s
2026-07-23 00:02:36.675630: 
2026-07-23 00:02:36.676789: Epoch 75
2026-07-23 00:02:36.677250: Current learning rate: 0.00066
2026-07-23 00:10:58.486012: train_loss -0.5878
2026-07-23 00:10:58.487814: val_loss -0.5264
2026-07-23 00:10:58.488163: Pseudo dice [0.7618, 0.8956, 0.7763, 0.6383]
2026-07-23 00:10:58.488471: Epoch time: 501.8 s
2026-07-23 00:11:00.302866: 
2026-07-23 00:11:00.303040: Epoch 76
2026-07-23 00:11:00.303878: Current learning rate: 0.00065
2026-07-23 00:19:48.639732: train_loss -0.5724
2026-07-23 00:19:48.785344: val_loss -0.4931
2026-07-23 00:19:48.785976: Pseudo dice [0.525, 0.8999, 0.8304, 0.4947]
2026-07-23 00:19:48.808571: Epoch time: 528.29 s
2026-07-23 00:19:53.854944: 
2026-07-23 00:19:53.855112: Epoch 77
2026-07-23 00:19:53.856658: Current learning rate: 0.00065
2026-07-23 00:27:47.462306: train_loss -0.5789
2026-07-23 00:27:47.470051: val_loss -0.5153
2026-07-23 00:27:47.470757: Pseudo dice [0.7491, 0.8828, 0.8385, 0.8114]
2026-07-23 00:27:47.470933: Epoch time: 473.61 s
2026-07-23 00:27:49.093706: 
2026-07-23 00:27:49.093937: Epoch 78
2026-07-23 00:27:49.094093: Current learning rate: 0.00064
2026-07-23 00:35:45.384996: train_loss -0.5737
2026-07-23 00:35:45.538524: val_loss -0.5179
2026-07-23 00:35:45.539028: Pseudo dice [0.6515, 0.8959, 0.7903, 0.289]
2026-07-23 00:35:45.561399: Epoch time: 476.23 s
2026-07-23 00:35:48.130348: 
2026-07-23 00:35:48.130547: Epoch 79
2026-07-23 00:35:48.131249: Current learning rate: 0.00064
2026-07-23 00:44:06.396447: train_loss -0.5782
2026-07-23 00:44:06.646181: val_loss -0.5505
2026-07-23 00:44:06.646595: Pseudo dice [0.7623, 0.8951, 0.8502, 0.6111]
2026-07-23 00:44:06.646953: Epoch time: 498.27 s
2026-07-23 00:44:09.164561: 
2026-07-23 00:44:09.172364: Epoch 80
2026-07-23 00:44:09.172538: Current learning rate: 0.00063
2026-07-23 00:52:23.594777: train_loss -0.5861
2026-07-23 00:52:23.686467: val_loss -0.5248
2026-07-23 00:52:23.686971: Pseudo dice [0.7571, 0.8986, 0.8443, 0.3641]
2026-07-23 00:52:23.724392: Epoch time: 494.41 s
2026-07-23 00:52:28.516691: 
2026-07-23 00:52:28.518370: Epoch 81
2026-07-23 00:52:28.519310: Current learning rate: 0.00063
2026-07-23 01:01:05.022135: train_loss -0.5619
2026-07-23 01:01:05.030149: val_loss -0.5073
2026-07-23 01:01:05.030404: Pseudo dice [0.7099, 0.8842, 0.7887, 0.5711]
2026-07-23 01:01:05.031948: Epoch time: 516.51 s
2026-07-23 01:01:10.174221: 
2026-07-23 01:01:10.175359: Epoch 82
2026-07-23 01:01:10.175509: Current learning rate: 0.00062
2026-07-23 01:08:56.114075: train_loss -0.5812
2026-07-23 01:08:57.632417: val_loss -0.5135
2026-07-23 01:08:57.632979: Pseudo dice [0.6171, 0.8861, 0.7993, 0.5909]
2026-07-23 01:08:57.725682: Epoch time: 465.94 s
2026-07-23 01:09:02.315627: 
2026-07-23 01:09:02.315781: Epoch 83
2026-07-23 01:09:02.315887: Current learning rate: 0.00062
2026-07-23 01:17:08.492493: train_loss -0.5724
2026-07-23 01:17:09.732513: val_loss -0.4871
2026-07-23 01:17:09.737563: Pseudo dice [0.6369, 0.8938, 0.8557, 0.2578]
2026-07-23 01:17:09.767657: Epoch time: 486.17 s
2026-07-23 01:17:17.849007: 
2026-07-23 01:17:17.850469: Epoch 84
2026-07-23 01:17:17.850610: Current learning rate: 0.00061
2026-07-23 01:25:32.677447: train_loss -0.5897
2026-07-23 01:25:32.679047: val_loss -0.5245
2026-07-23 01:25:32.679379: Pseudo dice [0.7982, 0.888, 0.8198, 0.6778]
2026-07-23 01:25:32.679698: Epoch time: 494.83 s
2026-07-23 01:25:35.743334: 
2026-07-23 01:25:35.743537: Epoch 85
2026-07-23 01:25:35.743668: Current learning rate: 0.00061
2026-07-23 01:33:32.699119: train_loss -0.5601
2026-07-23 01:33:32.700803: val_loss -0.5594
2026-07-23 01:33:32.701088: Pseudo dice [0.7761, 0.9013, 0.8218, 0.475]
2026-07-23 01:33:32.702592: Epoch time: 476.96 s
2026-07-23 01:33:38.449378: 
2026-07-23 01:33:38.449588: Epoch 86
2026-07-23 01:33:38.449693: Current learning rate: 0.0006
2026-07-23 01:41:37.368168: train_loss -0.5726
2026-07-23 01:41:37.368892: val_loss -0.4994
2026-07-23 01:41:37.369008: Pseudo dice [0.6609, 0.8892, 0.77, 0.4639]
2026-07-23 01:41:37.369195: Epoch time: 478.92 s
2026-07-23 01:41:38.540047: 
2026-07-23 01:41:38.541283: Epoch 87
2026-07-23 01:41:38.541415: Current learning rate: 0.0006
2026-07-23 01:49:29.818336: train_loss -0.5839
2026-07-23 01:49:29.820120: val_loss -0.5258
2026-07-23 01:49:29.820316: Pseudo dice [0.7173, 0.9008, 0.8431, 0.2327]
2026-07-23 01:49:29.820510: Epoch time: 471.28 s
2026-07-23 01:49:31.259252: 
2026-07-23 01:49:31.259862: Epoch 88
2026-07-23 01:49:31.260196: Current learning rate: 0.00059
2026-07-23 01:57:29.466333: train_loss -0.5761
2026-07-23 01:57:29.598145: val_loss -0.5285
2026-07-23 01:57:29.598834: Pseudo dice [0.7535, 0.8951, 0.8483, 0.7215]
2026-07-23 01:57:29.601849: Epoch time: 478.19 s
2026-07-23 01:57:34.107317: 
2026-07-23 01:57:34.107628: Epoch 89
2026-07-23 01:57:34.126729: Current learning rate: 0.00059
2026-07-23 02:05:26.914393: train_loss -0.5845
2026-07-23 02:05:26.915415: val_loss -0.5186
2026-07-23 02:05:26.915750: Pseudo dice [0.791, 0.9099, 0.8652, 0.6859]
2026-07-23 02:05:26.916084: Epoch time: 472.81 s
2026-07-23 02:05:28.340972: 
2026-07-23 02:05:28.341126: Epoch 90
2026-07-23 02:05:28.387154: Current learning rate: 0.00058
2026-07-23 02:13:37.211843: train_loss -0.5886
2026-07-23 02:13:37.212689: val_loss -0.5188
2026-07-23 02:13:37.213020: Pseudo dice [0.7187, 0.8915, 0.8363, 0.542]
2026-07-23 02:13:37.218493: Epoch time: 488.87 s
2026-07-23 02:13:40.934033: 
2026-07-23 02:13:40.934243: Epoch 91
2026-07-23 02:13:40.934367: Current learning rate: 0.00058
2026-07-23 02:23:15.927701: train_loss -0.5771
2026-07-23 02:23:16.019315: val_loss -0.5241
2026-07-23 02:23:16.020188: Pseudo dice [0.7129, 0.8909, 0.7899, 0.7411]
2026-07-23 02:23:16.034505: Epoch time: 574.99 s
2026-07-23 02:23:18.209544: 
2026-07-23 02:23:18.209870: Epoch 92
2026-07-23 02:23:18.210148: Current learning rate: 0.00057
2026-07-23 02:31:40.300637: train_loss -0.5907
2026-07-23 02:31:40.309771: val_loss -0.522
2026-07-23 02:31:40.311052: Pseudo dice [0.7421, 0.9129, 0.8655, 0.7243]
2026-07-23 02:31:40.312410: Epoch time: 502.09 s
2026-07-23 02:31:40.313939: Yayy! New best EMA pseudo Dice: 0.7528
2026-07-23 02:31:45.775470: 
2026-07-23 02:31:45.815978: Epoch 93
2026-07-23 02:31:45.816348: Current learning rate: 0.00057
2026-07-23 02:39:19.749665: train_loss -0.5921
2026-07-23 02:39:19.996029: val_loss -0.5014
2026-07-23 02:39:19.997056: Pseudo dice [0.6068, 0.8885, 0.7498, 0.4757]
2026-07-23 02:39:20.029113: Epoch time: 453.48 s
2026-07-23 02:39:26.050220: 
2026-07-23 02:39:26.050441: Epoch 94
2026-07-23 02:39:26.050577: Current learning rate: 0.00056
2026-07-23 02:47:31.308113: train_loss -0.5689
2026-07-23 02:47:31.643971: val_loss -0.5409
2026-07-23 02:47:31.644472: Pseudo dice [0.7684, 0.9096, 0.8434, 0.6942]
2026-07-23 02:47:31.667215: Epoch time: 485.25 s
2026-07-23 02:47:36.037648: 
2026-07-23 02:47:36.038983: Epoch 95
2026-07-23 02:47:36.039168: Current learning rate: 0.00056
2026-07-23 02:55:14.165818: train_loss -0.5727
2026-07-23 02:55:14.951593: val_loss -0.5029
2026-07-23 02:55:14.952117: Pseudo dice [0.7072, 0.9013, 0.8291, 0.0152]
2026-07-23 02:55:14.963958: Epoch time: 457.86 s
2026-07-23 02:55:18.769220: 
2026-07-23 02:55:18.770471: Epoch 96
2026-07-23 02:55:18.770801: Current learning rate: 0.00056
2026-07-23 03:03:40.433421: train_loss -0.5783
2026-07-23 03:03:41.255224: val_loss -0.5378
2026-07-23 03:03:41.255860: Pseudo dice [0.7069, 0.9043, 0.8791, 0.3055]
2026-07-23 03:03:41.287025: Epoch time: 501.64 s
2026-07-23 03:03:46.527525: 
2026-07-23 03:03:46.527685: Epoch 97
2026-07-23 03:03:46.527806: Current learning rate: 0.00055
2026-07-23 03:12:30.212337: train_loss -0.5925
2026-07-23 03:12:30.219774: val_loss -0.527
2026-07-23 03:12:30.220088: Pseudo dice [0.7002, 0.8851, 0.8271, 0.6479]
2026-07-23 03:12:30.220763: Epoch time: 523.68 s
2026-07-23 03:12:32.548057: 
2026-07-23 03:12:32.549394: Epoch 98
2026-07-23 03:12:32.550510: Current learning rate: 0.00055
2026-07-23 03:20:36.763094: train_loss -0.5823
2026-07-23 03:20:36.764929: val_loss -0.5485
2026-07-23 03:20:36.765273: Pseudo dice [0.5857, 0.9044, 0.7533, 0.6637]
2026-07-23 03:20:36.765700: Epoch time: 484.22 s
2026-07-23 03:20:38.231700: 
2026-07-23 03:20:38.232562: Epoch 99
2026-07-23 03:20:38.232724: Current learning rate: 0.00054
2026-07-23 03:28:35.886467: train_loss -0.5958
2026-07-23 03:28:36.539261: val_loss -0.5356
2026-07-23 03:28:36.539774: Pseudo dice [0.7985, 0.886, 0.8442, 0.507]
2026-07-23 03:28:36.566566: Epoch time: 477.64 s
2026-07-23 03:28:46.766358: 
2026-07-23 03:28:46.766590: Epoch 100
2026-07-23 03:28:46.766715: Current learning rate: 0.00054
2026-07-23 03:36:35.374896: train_loss -0.5944
2026-07-23 03:36:35.376412: val_loss -0.5156
2026-07-23 03:36:35.376726: Pseudo dice [0.6798, 0.8917, 0.8444, 0.4132]
2026-07-23 03:36:35.377642: Epoch time: 468.61 s
2026-07-23 03:36:36.537318: 
2026-07-23 03:36:36.537673: Epoch 101
2026-07-23 03:36:36.539004: Current learning rate: 0.00053
2026-07-23 03:44:47.979170: train_loss -0.601
2026-07-23 03:44:47.988922: val_loss -0.5218
2026-07-23 03:44:47.989770: Pseudo dice [0.4519, 0.885, 0.7798, 0.5462]
2026-07-23 03:44:47.990817: Epoch time: 491.44 s
2026-07-23 03:44:53.482813: 
2026-07-23 03:44:53.484292: Epoch 102
2026-07-23 03:44:53.486465: Current learning rate: 0.00053
2026-07-23 03:53:28.163141: train_loss -0.5896
2026-07-23 03:53:28.164696: val_loss -0.541
2026-07-23 03:53:28.164812: Pseudo dice [0.8029, 0.8988, 0.8747, 0.6374]
2026-07-23 03:53:28.165473: Epoch time: 514.68 s
2026-07-23 03:53:29.344981: 
2026-07-23 03:53:29.345261: Epoch 103
2026-07-23 03:53:29.345852: Current learning rate: 0.00052
2026-07-23 04:01:36.068492: train_loss -0.6095
2026-07-23 04:01:36.068988: val_loss -0.5345
2026-07-23 04:01:36.069122: Pseudo dice [0.6534, 0.8928, 0.7997, 0.7102]
2026-07-23 04:01:36.069549: Epoch time: 486.72 s
2026-07-23 04:01:37.624475: 
2026-07-23 04:01:37.625525: Epoch 104
2026-07-23 04:01:37.625654: Current learning rate: 0.00052
2026-07-23 04:09:37.501341: train_loss -0.5918
2026-07-23 04:09:37.502214: val_loss -0.5029
2026-07-23 04:09:37.502534: Pseudo dice [0.6218, 0.8896, 0.8172, 0.6298]
2026-07-23 04:09:37.759479: Epoch time: 479.88 s
2026-07-23 04:09:39.147853: 
2026-07-23 04:09:39.148129: Epoch 105
2026-07-23 04:09:39.148555: Current learning rate: 0.00051
2026-07-23 04:17:39.997026: train_loss -0.601
2026-07-23 04:17:40.013074: val_loss -0.5014
2026-07-23 04:17:40.013524: Pseudo dice [0.6192, 0.8875, 0.8078, 0.4072]
2026-07-23 04:17:40.014231: Epoch time: 480.85 s
2026-07-23 04:17:43.007123: 
2026-07-23 04:17:43.008168: Epoch 106
2026-07-23 04:17:43.008274: Current learning rate: 0.00051
2026-07-23 04:25:54.821536: train_loss -0.5957
2026-07-23 04:25:55.336434: val_loss -0.5199
2026-07-23 04:25:55.337052: Pseudo dice [0.5299, 0.8905, 0.8352, 0.6602]
2026-07-23 04:25:55.360478: Epoch time: 491.78 s
2026-07-23 04:26:04.125448: 
2026-07-23 04:26:04.126996: Epoch 107
2026-07-23 04:26:04.127324: Current learning rate: 0.0005
2026-07-23 04:34:02.140026: train_loss -0.5967
2026-07-23 04:34:02.278620: val_loss -0.5258
2026-07-23 04:34:02.279096: Pseudo dice [0.6689, 0.897, 0.7547, 0.6696]
2026-07-23 04:34:02.296858: Epoch time: 477.72 s
2026-07-23 04:34:08.087778: 
2026-07-23 04:34:08.088449: Epoch 108
2026-07-23 04:34:08.089782: Current learning rate: 0.0005
2026-07-23 04:41:44.954865: train_loss -0.5846
2026-07-23 04:41:45.871096: val_loss -0.5102
2026-07-23 04:41:45.871764: Pseudo dice [0.6612, 0.9088, 0.8401, 0.4868]
2026-07-23 04:41:45.974661: Epoch time: 456.87 s
2026-07-23 04:41:50.713619: 
2026-07-23 04:41:50.713773: Epoch 109
2026-07-23 04:41:50.713873: Current learning rate: 0.00049
2026-07-23 04:50:02.257190: train_loss -0.598
2026-07-23 04:50:02.624607: val_loss -0.4897
2026-07-23 04:50:02.625419: Pseudo dice [0.5818, 0.8978, 0.8404, 0.5789]
2026-07-23 04:50:02.632618: Epoch time: 491.53 s
2026-07-23 04:50:07.427228: 
2026-07-23 04:50:07.427890: Epoch 110
2026-07-23 04:50:07.428035: Current learning rate: 0.00049
2026-07-23 04:58:14.685677: train_loss -0.5915
2026-07-23 04:58:14.686426: val_loss -0.5561
2026-07-23 04:58:14.686586: Pseudo dice [0.6808, 0.8798, 0.8287, 0.6651]
2026-07-23 04:58:14.686745: Epoch time: 487.26 s
2026-07-23 04:58:16.206263: 
2026-07-23 04:58:16.206486: Epoch 111
2026-07-23 04:58:16.206603: Current learning rate: 0.00048
2026-07-23 05:06:03.029887: train_loss -0.5823
2026-07-23 05:06:03.971423: val_loss -0.5182
2026-07-23 05:06:03.971908: Pseudo dice [0.7253, 0.8758, 0.7214, 0.4679]
2026-07-23 05:06:03.979946: Epoch time: 466.78 s
2026-07-23 05:06:10.126139: 
2026-07-23 05:06:10.126277: Epoch 112
2026-07-23 05:06:10.126375: Current learning rate: 0.00048
2026-07-23 05:13:47.286477: train_loss -0.5991
2026-07-23 05:13:47.611439: val_loss -0.5496
2026-07-23 05:13:47.611930: Pseudo dice [0.7138, 0.8773, 0.8036, 0.3387]
2026-07-23 05:13:47.859068: Epoch time: 457.15 s
2026-07-23 05:13:53.945858: 
2026-07-23 05:13:53.952380: Epoch 113
2026-07-23 05:13:53.953334: Current learning rate: 0.00047
2026-07-23 05:21:55.340248: train_loss -0.5867
2026-07-23 05:21:55.700672: val_loss -0.5511
2026-07-23 05:21:55.701250: Pseudo dice [0.708, 0.9119, 0.8675, 0.597]
2026-07-23 05:21:55.727081: Epoch time: 481.38 s
2026-07-23 05:21:59.183616: 
2026-07-23 05:21:59.185098: Epoch 114
2026-07-23 05:21:59.185375: Current learning rate: 0.00047
2026-07-23 05:30:28.684801: train_loss -0.6132
2026-07-23 05:30:29.120015: val_loss -0.5307
2026-07-23 05:30:29.120455: Pseudo dice [0.7778, 0.9034, 0.8297, 0.5692]
2026-07-23 05:30:29.143332: Epoch time: 509.48 s
2026-07-23 05:30:37.346230: 
2026-07-23 05:30:37.347330: Epoch 115
2026-07-23 05:30:37.347618: Current learning rate: 0.00046
2026-07-23 05:38:34.445511: train_loss -0.614
2026-07-23 05:38:34.446304: val_loss -0.5461
2026-07-23 05:38:34.446589: Pseudo dice [0.6669, 0.9082, 0.8202, 0.5013]
2026-07-23 05:38:34.446879: Epoch time: 477.1 s
2026-07-23 05:38:38.839797: 
2026-07-23 05:38:38.840172: Epoch 116
2026-07-23 05:38:38.840494: Current learning rate: 0.00046
2026-07-23 05:46:36.921103: train_loss -0.6221
2026-07-23 05:46:36.922158: val_loss -0.5676
2026-07-23 05:46:36.922358: Pseudo dice [0.6933, 0.902, 0.8434, 0.4157]
2026-07-23 05:46:36.923092: Epoch time: 478.08 s
2026-07-23 05:46:38.410689: 
2026-07-23 05:46:38.411075: Epoch 117
2026-07-23 05:46:38.411906: Current learning rate: 0.00045
2026-07-23 05:54:53.202820: train_loss -0.6251
2026-07-23 05:54:53.225630: val_loss -0.5542
2026-07-23 05:54:53.226053: Pseudo dice [0.4786, 0.8929, 0.7961, 0.6203]
2026-07-23 05:54:53.226415: Epoch time: 494.79 s
2026-07-23 05:54:54.965146: 
2026-07-23 05:54:54.992760: Epoch 118
2026-07-23 05:54:54.993001: Current learning rate: 0.00045
2026-07-23 06:03:10.433769: train_loss -0.6306
2026-07-23 06:03:10.434362: val_loss -0.5383
2026-07-23 06:03:10.434511: Pseudo dice [0.6528, 0.8849, 0.7423, 0.5046]
2026-07-23 06:03:10.434642: Epoch time: 495.47 s
2026-07-23 06:03:14.678559: 
2026-07-23 06:03:14.679875: Epoch 119
2026-07-23 06:03:14.681147: Current learning rate: 0.00044
2026-07-23 06:11:28.850415: train_loss -0.6268
2026-07-23 06:11:29.001390: val_loss -0.5433
2026-07-23 06:11:29.002254: Pseudo dice [0.7912, 0.8641, 0.8304, 0.4048]
2026-07-23 06:11:29.014306: Epoch time: 494.15 s
2026-07-23 06:11:34.796982: 
2026-07-23 06:11:34.903633: Epoch 120
2026-07-23 06:11:34.926676: Current learning rate: 0.00044
2026-07-23 06:19:25.391252: train_loss -0.632
2026-07-23 06:19:25.392101: val_loss -0.5913
2026-07-23 06:19:25.392422: Pseudo dice [0.7757, 0.9008, 0.839, 0.6789]
2026-07-23 06:19:25.394962: Epoch time: 470.6 s
2026-07-23 06:19:27.072647: 
2026-07-23 06:19:27.072863: Epoch 121
2026-07-23 06:19:27.072988: Current learning rate: 0.00043
2026-07-23 06:27:17.953555: train_loss -0.6404
2026-07-23 06:27:18.854410: val_loss -0.5881
2026-07-23 06:27:18.855007: Pseudo dice [0.6957, 0.8922, 0.8085, 0.7329]
2026-07-23 06:27:18.898506: Epoch time: 470.86 s
2026-07-23 06:27:26.179611: 
2026-07-23 06:27:26.179839: Epoch 122
2026-07-23 06:27:26.180006: Current learning rate: 0.00043
2026-07-23 06:35:05.181072: train_loss -0.6462
2026-07-23 06:35:05.219611: val_loss -0.5491
2026-07-23 06:35:05.220113: Pseudo dice [0.5725, 0.8999, 0.8073, 0.6642]
2026-07-23 06:35:05.227876: Epoch time: 459.0 s
2026-07-23 06:35:10.579702: 
2026-07-23 06:35:10.579919: Epoch 123
2026-07-23 06:35:10.581178: Current learning rate: 0.00042
2026-07-23 06:43:17.985241: train_loss -0.6559
2026-07-23 06:43:18.322339: val_loss -0.5564
2026-07-23 06:43:18.323236: Pseudo dice [0.5757, 0.8838, 0.722, 0.5733]
2026-07-23 06:43:18.358321: Epoch time: 487.4 s
2026-07-23 06:43:22.855245: 
2026-07-23 06:43:22.856038: Epoch 124
2026-07-23 06:43:22.857018: Current learning rate: 0.00042
2026-07-23 06:51:05.280555: train_loss -0.6609
2026-07-23 06:51:05.722740: val_loss -0.5954
2026-07-23 06:51:05.723361: Pseudo dice [0.7767, 0.8944, 0.8217, 0.6222]
2026-07-23 06:51:05.723740: Epoch time: 462.43 s
2026-07-23 06:51:08.821492: 
2026-07-23 06:51:08.822279: Epoch 125
2026-07-23 06:51:08.822392: Current learning rate: 0.00041
2026-07-23 06:58:58.482640: train_loss -0.6655
2026-07-23 06:58:58.507608: val_loss -0.6162
2026-07-23 06:58:58.508225: Pseudo dice [0.6209, 0.893, 0.8641, 0.7536]
2026-07-23 06:58:58.509349: Epoch time: 469.64 s
2026-07-23 06:59:02.272720: 
2026-07-23 06:59:02.405426: Epoch 126
2026-07-23 06:59:02.412889: Current learning rate: 0.00041
2026-07-23 07:06:20.624542: train_loss -0.6755
2026-07-23 07:06:20.649448: val_loss -0.6145
2026-07-23 07:06:20.650160: Pseudo dice [0.7017, 0.8984, 0.8023, 0.5801]
2026-07-23 07:06:20.650342: Epoch time: 438.35 s
2026-07-23 07:06:21.942341: 
2026-07-23 07:06:21.942486: Epoch 127
2026-07-23 07:06:21.942588: Current learning rate: 0.0004
2026-07-23 07:13:36.627202: train_loss -0.7022
2026-07-23 07:13:36.955878: val_loss -0.6167
2026-07-23 07:13:36.956321: Pseudo dice [0.6148, 0.8965, 0.7707, 0.4132]
2026-07-23 07:13:36.974476: Epoch time: 434.68 s
2026-07-23 07:13:40.681285: 
2026-07-23 07:13:40.681474: Epoch 128
2026-07-23 07:13:40.692860: Current learning rate: 0.0004
2026-07-23 07:21:30.412384: train_loss -0.7033
2026-07-23 07:21:30.413327: val_loss -0.6217
2026-07-23 07:21:30.413647: Pseudo dice [0.6683, 0.8824, 0.7806, 0.4501]
2026-07-23 07:21:30.414011: Epoch time: 469.73 s
2026-07-23 07:21:33.351218: 
2026-07-23 07:21:33.351368: Epoch 129
2026-07-23 07:21:33.351478: Current learning rate: 0.00039
2026-07-23 07:29:37.183945: train_loss -0.7236
2026-07-23 07:29:37.184355: val_loss -0.6354
2026-07-23 07:29:37.184493: Pseudo dice [0.6993, 0.8984, 0.7306, 0.6318]
2026-07-23 07:29:37.184598: Epoch time: 483.83 s
2026-07-23 07:29:38.365193: 
2026-07-23 07:29:38.365383: Epoch 130
2026-07-23 07:29:38.365499: Current learning rate: 0.00039
2026-07-23 07:37:25.934384: train_loss -0.7223
2026-07-23 07:37:25.935442: val_loss -0.6295
2026-07-23 07:37:25.935580: Pseudo dice [0.663, 0.9044, 0.8434, 0.6649]
2026-07-23 07:37:25.935682: Epoch time: 467.57 s
2026-07-23 07:37:32.058868: 
2026-07-23 07:37:32.059075: Epoch 131
2026-07-23 07:37:32.059197: Current learning rate: 0.00038
2026-07-23 07:45:15.030564: train_loss -0.7151
2026-07-23 07:45:15.687577: val_loss -0.6693
2026-07-23 07:45:15.688254: Pseudo dice [0.7778, 0.9026, 0.8496, 0.6262]
2026-07-23 07:45:15.703114: Epoch time: 462.96 s
2026-07-23 07:45:20.432561: 
2026-07-23 07:45:20.432966: Epoch 132
2026-07-23 07:45:20.433273: Current learning rate: 0.00038
2026-07-23 07:52:33.796150: train_loss -0.726
2026-07-23 07:52:33.896899: val_loss -0.6504
2026-07-23 07:52:33.897314: Pseudo dice [0.6097, 0.8932, 0.828, 0.7034]
2026-07-23 07:52:33.906687: Epoch time: 433.34 s
2026-07-23 07:52:38.644108: 
2026-07-23 07:52:38.644973: Epoch 133
2026-07-23 07:52:38.645107: Current learning rate: 0.00037
2026-07-23 08:00:15.218688: train_loss -0.7298
2026-07-23 08:00:15.314474: val_loss -0.6508
2026-07-23 08:00:15.314908: Pseudo dice [0.6813, 0.8862, 0.8418, 0.6782]
2026-07-23 08:00:15.334479: Epoch time: 456.49 s
2026-07-23 08:00:19.238416: 
2026-07-23 08:00:19.238879: Epoch 134
2026-07-23 08:00:19.239042: Current learning rate: 0.00037
2026-07-23 08:07:15.550037: train_loss -0.7119
2026-07-23 08:07:15.675031: val_loss -0.699
2026-07-23 08:07:15.675998: Pseudo dice [0.67, 0.8947, 0.83, 0.7115]
2026-07-23 08:07:15.912245: Epoch time: 416.31 s
2026-07-23 08:07:19.005993: 
2026-07-23 08:07:19.006893: Epoch 135
2026-07-23 08:07:19.007020: Current learning rate: 0.00036
2026-07-23 08:15:06.527209: train_loss -0.7144
2026-07-23 08:15:06.531524: val_loss -0.6442
2026-07-23 08:15:06.531772: Pseudo dice [0.6254, 0.8943, 0.8523, 0.5806]
2026-07-23 08:15:06.532803: Epoch time: 467.52 s
2026-07-23 08:15:10.036281: 
2026-07-23 08:15:10.038746: Epoch 136
2026-07-23 08:15:10.040735: Current learning rate: 0.00036
2026-07-23 08:22:51.066209: train_loss -0.7155
2026-07-23 08:22:51.075105: val_loss -0.6775
2026-07-23 08:22:51.075235: Pseudo dice [0.5419, 0.8799, 0.7739, 0.4928]
2026-07-23 08:22:51.076359: Epoch time: 461.03 s
2026-07-23 08:22:52.406205: 
2026-07-23 08:22:52.408201: Epoch 137
2026-07-23 08:22:52.408312: Current learning rate: 0.00035
2026-07-23 08:30:27.538283: train_loss -0.7324
2026-07-23 08:30:28.487060: val_loss -0.6828
2026-07-23 08:30:28.487897: Pseudo dice [0.7174, 0.882, 0.8163, 0.7287]
2026-07-23 08:30:28.489094: Epoch time: 455.13 s
2026-07-23 08:30:30.203286: 
2026-07-23 08:30:30.203606: Epoch 138
2026-07-23 08:30:30.205296: Current learning rate: 0.00035
2026-07-23 08:38:17.182693: train_loss -0.718
2026-07-23 08:38:17.410492: val_loss -0.6767
2026-07-23 08:38:17.411030: Pseudo dice [0.7001, 0.9014, 0.8323, 0.6294]
2026-07-23 08:38:17.412843: Epoch time: 466.98 s
2026-07-23 08:38:26.489248: 
2026-07-23 08:38:26.491266: Epoch 139
2026-07-23 08:38:26.491774: Current learning rate: 0.00034
2026-07-23 08:46:04.091503: train_loss -0.7194
2026-07-23 08:46:04.099585: val_loss -0.6836
2026-07-23 08:46:04.101097: Pseudo dice [0.6786, 0.8782, 0.8058, 0.4205]
2026-07-23 08:46:04.103783: Epoch time: 457.6 s
2026-07-23 08:46:06.057565: 
2026-07-23 08:46:06.057940: Epoch 140
2026-07-23 08:46:06.058699: Current learning rate: 0.00034
2026-07-23 08:53:39.553294: train_loss -0.7331
2026-07-23 08:53:39.557530: val_loss -0.6649
2026-07-23 08:53:39.557717: Pseudo dice [0.5414, 0.8874, 0.762, 0.7502]
2026-07-23 08:53:39.558648: Epoch time: 453.5 s
2026-07-23 08:53:40.796983: 
2026-07-23 08:53:40.797181: Epoch 141
2026-07-23 08:53:40.797324: Current learning rate: 0.00033
2026-07-23 09:01:30.032426: train_loss -0.7197
2026-07-23 09:01:30.086809: val_loss -0.6369
2026-07-23 09:01:30.087242: Pseudo dice [0.6319, 0.8766, 0.7627, 0.4654]
2026-07-23 09:01:30.093485: Epoch time: 469.24 s
2026-07-23 09:01:34.236191: 
2026-07-23 09:01:34.236402: Epoch 142
2026-07-23 09:01:34.236508: Current learning rate: 0.00033
2026-07-23 09:09:10.527153: train_loss -0.7373
2026-07-23 09:09:10.527852: val_loss -0.65
2026-07-23 09:09:10.527963: Pseudo dice [0.6657, 0.8907, 0.8091, 0.3886]
2026-07-23 09:09:10.528073: Epoch time: 456.29 s
2026-07-23 09:09:11.713234: 
2026-07-23 09:09:11.713478: Epoch 143
2026-07-23 09:09:11.713589: Current learning rate: 0.00032
2026-07-23 09:16:37.884036: train_loss -0.7238
2026-07-23 09:16:37.911595: val_loss -0.6617
2026-07-23 09:16:37.912279: Pseudo dice [0.6389, 0.8877, 0.8286, 0.61]
2026-07-23 09:16:37.912450: Epoch time: 446.17 s
2026-07-23 09:16:39.094995: 
2026-07-23 09:16:39.095206: Epoch 144
2026-07-23 09:16:39.095316: Current learning rate: 0.00032
2026-07-23 09:23:56.585461: train_loss -0.724
2026-07-23 09:23:56.688888: val_loss -0.6738
2026-07-23 09:23:56.689441: Pseudo dice [0.7445, 0.9074, 0.776, 0.594]
2026-07-23 09:23:56.697008: Epoch time: 437.47 s
2026-07-23 09:23:59.834811: 
2026-07-23 09:23:59.834962: Epoch 145
2026-07-23 09:23:59.835079: Current learning rate: 0.00031
2026-07-23 09:31:14.213147: train_loss -0.73
2026-07-23 09:31:14.314072: val_loss -0.6743
2026-07-23 09:31:14.315797: Pseudo dice [0.7349, 0.8852, 0.8364, 0.5181]
2026-07-23 09:31:14.319557: Epoch time: 434.36 s
2026-07-23 09:31:18.914612: 
2026-07-23 09:31:18.916062: Epoch 146
2026-07-23 09:31:18.916214: Current learning rate: 0.00031
2026-07-23 09:38:24.074730: train_loss -0.7306
2026-07-23 09:38:24.359611: val_loss -0.6428
2026-07-23 09:38:24.360203: Pseudo dice [0.7332, 0.8981, 0.8547, 0.4543]
2026-07-23 09:38:24.362855: Epoch time: 425.15 s
2026-07-23 09:38:29.096293: 
2026-07-23 09:38:29.096519: Epoch 147
2026-07-23 09:38:29.096648: Current learning rate: 0.0003
2026-07-23 09:45:38.610095: train_loss -0.7292
2026-07-23 09:45:38.853353: val_loss -0.6634
2026-07-23 09:45:38.853778: Pseudo dice [0.768, 0.9023, 0.7982, 0.6348]
2026-07-23 09:45:38.861744: Epoch time: 429.51 s
2026-07-23 09:45:42.711560: 
2026-07-23 09:45:42.712371: Epoch 148
2026-07-23 09:45:42.712494: Current learning rate: 0.0003
2026-07-23 09:52:31.497607: train_loss -0.721
2026-07-23 09:52:31.908339: val_loss -0.6204
2026-07-23 09:52:31.908925: Pseudo dice [0.5222, 0.8744, 0.7777, 0.3787]
2026-07-23 09:52:31.955604: Epoch time: 408.78 s
2026-07-23 09:52:37.451014: 
2026-07-23 09:52:37.452367: Epoch 149
2026-07-23 09:52:37.452557: Current learning rate: 0.00029
2026-07-23 09:59:53.012875: train_loss -0.7287
2026-07-23 09:59:53.013338: val_loss -0.6606
2026-07-23 09:59:53.013446: Pseudo dice [0.6347, 0.8878, 0.8455, 0.4633]
2026-07-23 09:59:53.013552: Epoch time: 435.56 s
2026-07-23 09:59:56.581243: 
2026-07-23 09:59:56.581769: Epoch 150
2026-07-23 09:59:56.582126: Current learning rate: 0.00029
2026-07-23 10:07:08.986049: train_loss -0.7163
2026-07-23 10:07:08.986433: val_loss -0.6537
2026-07-23 10:07:08.986643: Pseudo dice [0.5492, 0.8924, 0.7736, 0.64]
2026-07-23 10:07:08.987107: Epoch time: 432.41 s
2026-07-23 10:07:10.171824: 
2026-07-23 10:07:10.172007: Epoch 151
2026-07-23 10:07:10.172129: Current learning rate: 0.00028
2026-07-23 10:14:23.768922: train_loss -0.7304
2026-07-23 10:14:23.914122: val_loss -0.6812
2026-07-23 10:14:23.914936: Pseudo dice [0.8181, 0.8758, 0.8413, 0.6777]
2026-07-23 10:14:23.917459: Epoch time: 433.59 s
2026-07-23 10:14:29.056011: 
2026-07-23 10:14:29.056163: Epoch 152
2026-07-23 10:14:29.056274: Current learning rate: 0.00028
2026-07-23 10:21:25.479300: train_loss -0.7286
2026-07-23 10:21:25.500639: val_loss -0.6761
2026-07-23 10:21:25.501365: Pseudo dice [0.7927, 0.8908, 0.8534, 0.6184]
2026-07-23 10:21:25.501553: Epoch time: 416.42 s
2026-07-23 10:21:27.906146: 
2026-07-23 10:21:27.906308: Epoch 153
2026-07-23 10:21:27.920873: Current learning rate: 0.00027
2026-07-23 10:28:33.555302: train_loss -0.7312
2026-07-23 10:28:33.633467: val_loss -0.6424
2026-07-23 10:28:33.634105: Pseudo dice [0.6692, 0.888, 0.7889, 0.6417]
2026-07-23 10:28:33.634793: Epoch time: 425.65 s
2026-07-23 10:28:34.858083: 
2026-07-23 10:28:34.858329: Epoch 154
2026-07-23 10:28:34.859232: Current learning rate: 0.00027
2026-07-23 10:35:28.609081: train_loss -0.7243
2026-07-23 10:35:29.179668: val_loss -0.6669
2026-07-23 10:35:29.180168: Pseudo dice [0.6894, 0.8972, 0.8347, 0.6189]
2026-07-23 10:35:29.491898: Epoch time: 413.74 s
2026-07-23 10:35:36.619121: 
2026-07-23 10:35:36.619484: Epoch 155
2026-07-23 10:35:36.621066: Current learning rate: 0.00026
2026-07-23 10:42:38.321578: train_loss -0.7343
2026-07-23 10:42:38.780417: val_loss -0.6874
2026-07-23 10:42:38.780932: Pseudo dice [0.7034, 0.8914, 0.857, 0.7488]
2026-07-23 10:42:38.825953: Epoch time: 421.69 s
2026-07-23 10:42:43.449059: 
2026-07-23 10:42:43.449778: Epoch 156
2026-07-23 10:42:43.449908: Current learning rate: 0.00026
2026-07-23 10:49:40.153035: train_loss -0.7361
2026-07-23 10:49:40.567925: val_loss -0.6388
2026-07-23 10:49:40.568421: Pseudo dice [0.6887, 0.8985, 0.7855, 0.7421]
2026-07-23 10:49:40.584865: Epoch time: 416.7 s
2026-07-23 10:49:43.658672: 
2026-07-23 10:49:43.659019: Epoch 157
2026-07-23 10:49:43.659348: Current learning rate: 0.00025
2026-07-23 10:57:05.215383: train_loss -0.7258
2026-07-23 10:57:05.215803: val_loss -0.6628
2026-07-23 10:57:05.215935: Pseudo dice [0.6922, 0.9031, 0.8014, 0.4145]
2026-07-23 10:57:05.216053: Epoch time: 441.56 s
2026-07-23 10:57:09.516383: 
2026-07-23 10:57:09.516590: Epoch 158
2026-07-23 10:57:09.516701: Current learning rate: 0.00025
2026-07-23 11:03:57.494535: train_loss -0.7469
2026-07-23 11:03:57.576739: val_loss -0.6751
2026-07-23 11:03:57.577159: Pseudo dice [0.7062, 0.8992, 0.8246, 0.6115]
2026-07-23 11:03:57.579439: Epoch time: 407.97 s
2026-07-23 11:04:02.201202: 
2026-07-23 11:04:02.202475: Epoch 159
2026-07-23 11:04:02.203757: Current learning rate: 0.00024
2026-07-23 11:11:01.248344: train_loss -0.7348
2026-07-23 11:11:01.636575: val_loss -0.6435
2026-07-23 11:11:01.636993: Pseudo dice [0.7407, 0.9018, 0.8217, 0.4704]
2026-07-23 11:11:01.652856: Epoch time: 418.83 s
2026-07-23 11:11:08.353004: 
2026-07-23 11:11:08.353749: Epoch 160
2026-07-23 11:11:08.353858: Current learning rate: 0.00023
2026-07-23 11:18:14.044839: train_loss -0.7404
2026-07-23 11:18:14.199755: val_loss -0.6609
2026-07-23 11:18:14.200414: Pseudo dice [0.6039, 0.8902, 0.8009, 0.5362]
2026-07-23 11:18:14.201162: Epoch time: 425.69 s
2026-07-23 11:18:15.832504: 
2026-07-23 11:18:15.832702: Epoch 161
2026-07-23 11:18:15.832808: Current learning rate: 0.00023
2026-07-23 11:25:30.515674: train_loss -0.7321
2026-07-23 11:25:30.526052: val_loss -0.6791
2026-07-23 11:25:30.526443: Pseudo dice [0.7869, 0.899, 0.8786, 0.586]
2026-07-23 11:25:30.761663: Epoch time: 434.68 s
2026-07-23 11:25:32.502838: 
2026-07-23 11:25:32.502989: Epoch 162
2026-07-23 11:25:32.503115: Current learning rate: 0.00022
2026-07-23 11:32:32.423635: train_loss -0.7391
2026-07-23 11:32:32.425355: val_loss -0.6146
2026-07-23 11:32:32.425633: Pseudo dice [0.4718, 0.8925, 0.7182, 0.6705]
2026-07-23 11:32:32.425734: Epoch time: 419.92 s
2026-07-23 11:32:35.793645: 
2026-07-23 11:32:35.793962: Epoch 163
2026-07-23 11:32:35.795319: Current learning rate: 0.00022
2026-07-23 11:39:34.189084: train_loss -0.7309
2026-07-23 11:39:34.527622: val_loss -0.6295
2026-07-23 11:39:34.528390: Pseudo dice [0.6846, 0.8953, 0.8249, 0.4641]
2026-07-23 11:39:34.542879: Epoch time: 418.37 s
2026-07-23 11:39:39.495800: 
2026-07-23 11:39:39.495977: Epoch 164
2026-07-23 11:39:39.496083: Current learning rate: 0.00021
2026-07-23 11:46:59.260930: train_loss -0.7342
2026-07-23 11:46:59.385659: val_loss -0.6794
2026-07-23 11:46:59.387382: Pseudo dice [0.7797, 0.9023, 0.8418, 0.7663]
2026-07-23 11:46:59.393649: Epoch time: 439.74 s
2026-07-23 11:47:03.606788: 
2026-07-23 11:47:03.606965: Epoch 165
2026-07-23 11:47:03.607128: Current learning rate: 0.00021
2026-07-23 11:54:23.060989: train_loss -0.7398
2026-07-23 11:54:23.061614: val_loss -0.667
2026-07-23 11:54:23.061808: Pseudo dice [0.7932, 0.8922, 0.8546, 0.4058]
2026-07-23 11:54:23.061984: Epoch time: 439.46 s
2026-07-23 11:54:25.350964: 
2026-07-23 11:54:25.351757: Epoch 166
2026-07-23 11:54:25.352050: Current learning rate: 0.0002
2026-07-23 12:01:43.944513: train_loss -0.7416
2026-07-23 12:01:43.950426: val_loss -0.671
2026-07-23 12:01:43.950819: Pseudo dice [0.7163, 0.888, 0.7784, 0.312]
2026-07-23 12:01:43.951470: Epoch time: 438.59 s
2026-07-23 12:01:45.837419: 
2026-07-23 12:01:45.837594: Epoch 167
2026-07-23 12:01:45.837707: Current learning rate: 0.0002
2026-07-23 12:09:10.699118: train_loss -0.7452
2026-07-23 12:09:10.699558: val_loss -0.6866
2026-07-23 12:09:10.699681: Pseudo dice [0.6805, 0.8963, 0.8101, 0.6547]
2026-07-23 12:09:10.700725: Epoch time: 444.86 s
2026-07-23 12:09:11.871664: 
2026-07-23 12:09:11.871831: Epoch 168
2026-07-23 12:09:11.871968: Current learning rate: 0.00019
2026-07-23 12:16:42.832372: train_loss -0.7356
2026-07-23 12:16:44.003358: val_loss -0.6576
2026-07-23 12:16:44.004281: Pseudo dice [0.5889, 0.8731, 0.7165, 0.6734]
2026-07-23 12:16:44.022189: Epoch time: 450.95 s
2026-07-23 12:16:49.013273: 
2026-07-23 12:16:49.013478: Epoch 169
2026-07-23 12:16:49.013597: Current learning rate: 0.00019
2026-07-23 12:24:06.463571: train_loss -0.746
2026-07-23 12:24:06.464261: val_loss -0.6615
2026-07-23 12:24:06.464486: Pseudo dice [0.6885, 0.8636, 0.675, 0.3356]
2026-07-23 12:24:06.465872: Epoch time: 437.45 s
2026-07-23 12:24:08.472028: 
2026-07-23 12:24:08.472306: Epoch 170
2026-07-23 12:24:08.472411: Current learning rate: 0.00018
2026-07-23 12:31:11.089684: train_loss -0.7383
2026-07-23 12:31:11.090582: val_loss -0.6525
2026-07-23 12:31:11.090941: Pseudo dice [0.6144, 0.9075, 0.8001, 0.4792]
2026-07-23 12:31:11.091282: Epoch time: 422.62 s
2026-07-23 12:31:12.307691: 
2026-07-23 12:31:12.308067: Epoch 171
2026-07-23 12:31:12.308177: Current learning rate: 0.00018
2026-07-23 12:38:57.009005: train_loss -0.7338
2026-07-23 12:38:57.153100: val_loss -0.6838
2026-07-23 12:38:57.153555: Pseudo dice [0.7054, 0.905, 0.8279, 0.7281]
2026-07-23 12:38:57.157244: Epoch time: 464.7 s
2026-07-23 12:39:00.737225: 
2026-07-23 12:39:00.737418: Epoch 172
2026-07-23 12:39:00.749059: Current learning rate: 0.00017
2026-07-23 12:46:21.699735: train_loss -0.7499
2026-07-23 12:46:22.134043: val_loss -0.6848
2026-07-23 12:46:22.134453: Pseudo dice [0.7824, 0.8926, 0.8834, 0.6259]
2026-07-23 12:46:22.136210: Epoch time: 440.95 s
2026-07-23 12:46:27.653672: 
2026-07-23 12:46:27.703099: Epoch 173
2026-07-23 12:46:27.703621: Current learning rate: 0.00016
2026-07-23 12:53:28.394694: train_loss -0.7438
2026-07-23 12:53:28.395171: val_loss -0.6961
2026-07-23 12:53:28.395289: Pseudo dice [0.7741, 0.8817, 0.848, 0.6763]
2026-07-23 12:53:28.396437: Epoch time: 420.74 s
2026-07-23 12:53:29.533928: 
2026-07-23 12:53:29.534196: Epoch 174
2026-07-23 12:53:29.534302: Current learning rate: 0.00016
2026-07-23 13:00:24.606622: train_loss -0.7389
2026-07-23 13:00:24.609064: val_loss -0.67
2026-07-23 13:00:24.609242: Pseudo dice [0.7856, 0.895, 0.8446, 0.5734]
2026-07-23 13:00:24.609401: Epoch time: 415.07 s
2026-07-23 13:00:28.061378: 
2026-07-23 13:00:28.062093: Epoch 175
2026-07-23 13:00:28.062244: Current learning rate: 0.00015
2026-07-23 13:07:19.942455: train_loss -0.7338
2026-07-23 13:07:19.945140: val_loss -0.6849
2026-07-23 13:07:19.945405: Pseudo dice [0.6147, 0.8867, 0.825, 0.6389]
2026-07-23 13:07:19.945661: Epoch time: 411.88 s
2026-07-23 13:07:21.618193: 
2026-07-23 13:07:21.618391: Epoch 176
2026-07-23 13:07:21.618498: Current learning rate: 0.00015
2026-07-23 13:14:27.237553: train_loss -0.7393
2026-07-23 13:14:27.252011: val_loss -0.6887
2026-07-23 13:14:27.253071: Pseudo dice [0.745, 0.8974, 0.8476, 0.4086]
2026-07-23 13:14:27.477824: Epoch time: 425.62 s
2026-07-23 13:14:29.502815: 
2026-07-23 13:14:29.505470: Epoch 177
2026-07-23 13:14:29.505645: Current learning rate: 0.00014