WATCH_START=2026-07-20T16:58:45+00:00
GENERATION_PROCESS_EXITED=2026-07-20T19:18:46+00:00
{
  "technical_gate": "pass",
  "quality_gate": "hold_for_manual_review",
  "case_count": 94,
  "expected_case_count": 94,
  "modality_row_count": 376,
  "region_row_count": 2256,
  "artifact_row_count": 376,
  "montage_count": 94,
  "hard_failure_count": 0,
  "hard_failures": [],
  "rc_case_count": 16,
  "tiny_lesion_case_count": 44,
  "small_lesion_case_count": 42,
  "artifact_flagged_case_count": 78,
  "checkpoint_sha256": {
    "t1c": "cc49de179dee75af561df377ba323052da99525a58a99c60d2fe48f2c34d51a5",
    "t1n": "bc98c9423dad396ee235c89893c308b5e6d340667a8b10880825020b6e976ad6",
    "t2w": "1b42542f378375406e38a17ca380a608fd0005be4591ef2bcedabca925c3ff60",
    "t2f": "de2f219fe126dbb7974d61d8fe8697d239d1e0b18f735344feeab36d3f7d9e6c"
  },
  "source_sha256": {
    "generation_manifest": "051e6863b327d4ee4b7892d35c70242426add0e1098848086441e302ea1eb10c",
    "selection": "c675886bcf315b2d3e32d8746af5beb71bb03c5fa96acde8b6468cecf9f7b4d8",
    "checkpoint_inventory": "54d02eac58d15782b465b6f253cb39bf7ccd844c9f3a3d88a030da3018c443f3"
  },
  "metrics_by_modality": {
    "t1c": {
      "support_ssim": {
        "mean": 0.46813101896121534,
        "std": 0.36864426717691395,
        "median": 0.5147046175745591,
        "min": 0.022001781304387187,
        "max": 0.9912897009141362
      },
      "tumour_ssim": {
        "mean": 0.7464921764062085,
        "std": 0.24451033442226505,
        "median": 0.8645013530157177,
        "min": -0.0037534146091123453,
        "max": 0.9989310248031019
      },
      "tumour_mae": {
        "mean": 1.0746002548306561,
        "std": 0.332959791119828,
        "median": 1.0403762090586377,
        "min": 0.33940644514176155,
        "max": 2.519292563809006
      },
      "tumour_psnr": {
        "mean": 12.542630247612673,
        "std": 2.5277038448711058,
        "median": 12.61290192160963,
        "min": 6.139412527416309,
        "max": 23.889582075830017
      }
    },
    "t1n": {
      "support_ssim": {
        "mean": 0.48125668061557664,
        "std": 0.35901191629418067,
        "median": 0.5142851257309008,
        "min": 0.03401980726462012,
        "max": 0.9919880218480445
      },
      "tumour_ssim": {
        "mean": 0.7657648772440134,
        "std": 0.21835472456018276,
        "median": 0.8629994033482022,
        "min": 0.09446571855213885,
        "max": 0.9992346662970853
      },
      "tumour_mae": {
        "mean": 0.9314637783960473,
        "std": 0.22342950582475388,
        "median": 0.934449599049203,
        "min": 0.2129577822983265,
        "max": 1.5132433139078056
      },
      "tumour_psnr": {
        "mean": 14.379037545525996,
        "std": 2.485593068330149,
        "median": 13.993498094932269,
        "min": 10.245474198831772,
        "max": 27.063251281016978
      }
    },
    "t2w": {
      "support_ssim": {
        "mean": 0.48181199142437486,
        "std": 0.35775253948204483,
        "median": 0.5209449689441898,
        "min": 0.0315989706174186,
        "max": 0.9916081887431484
      },
      "tumour_ssim": {
        "mean": 0.7467998191565738,
        "std": 0.2476276934999706,
        "median": 0.8659835030932754,
        "min": 0.006172399344255349,
        "max": 0.9991673177775411
      },
      "tumour_mae": {
        "mean": 0.9538804288955794,
        "std": 0.23521974843191545,
        "median": 0.9569070829922929,
        "min": 0.32855336533652413,
        "max": 1.8729132653578469
      },
      "tumour_psnr": {
        "mean": 14.11544578304415,
        "std": 2.1203610418831147,
        "median": 13.928713904049303,
        "min": 9.605332065857382,
        "max": 23.28358998325521
      }
    },
    "t2f": {
      "support_ssim": {
        "mean": 0.4917543286122962,
        "std": 0.34874535655187394,
        "median": 0.5336869312932678,
        "min": 0.042484639584965685,
        "max": 0.9917060986204924
      },
      "tumour_ssim": {
        "mean": 0.8064550760436896,
        "std": 0.19851357385266014,
        "median": 0.8912943417757143,
        "min": 0.022490642643311902,
        "max": 0.9991245631907782
      },
      "tumour_mae": {
        "mean": 1.1306066585696155,
        "std": 0.4218510397593801,
        "median": 1.0523649960514243,
        "min": 0.38985541527685913,
        "max": 2.6121047022902677
      },
      "tumour_psnr": {
        "mean": 12.88139531061277,
        "std": 3.326044955645461,
        "median": 12.92349043625224,
        "min": 6.6891190234183995,
        "max": 22.16493613308821
      }
    }
  }
}
G2_QC_COMPLETE=2026-07-20T22:32:54+00:00
